<html>
<body>
<pre>
<h1>礦ision Build Log</h1>
<h2>Tool Versions:</h2>
IDE-Version: μVision V5.27.1.0
Copyright (C) 2019 ARM Ltd and ARM Germany GmbH. All rights reserved.
License Information: star Chou, xyd, LIC=IK1BF-65942-RAIDM-XLLDW-23WT3-E8MMX
 
Tool Versions:
Toolchain:       MDK-ARM Plus  Version: 5.27.1.0
Toolchain Path:  D:\Program Files (x86)\MDK\ARM\ARMCC\Bin
C Compiler:      Armcc.exe V5.06 update 6 (build 750)
Assembler:       Armasm.exe V5.06 update 6 (build 750)
Linker/Locator:  ArmLink.exe V5.06 update 6 (build 750)
Library Manager: ArmAr.exe V5.06 update 6 (build 750)
Hex Converter:   FromElf.exe V5.06 update 6 (build 750)
CPU DLL:         SARMCM3.DLL V5.27.1.0
Dialog DLL:      DARMSTM.DLL V1.68.0.0
Target DLL:      STLink\ST-LINKIII-KEIL_SWO.dll V3.0.6.0
Dialog DLL:      TARMSTM.DLL V1.66.0.0
 
<h2>Project:</h2>
D:\Users\Desktop\WIFI Voice weather station-2\project\stm32f103zet6.uvprojx
Project File Date:  08/01/2022

<h2>Output:</h2>
*** Using Compiler 'V5.06 update 6 (build 750)', folder: 'D:\Program Files (x86)\MDK\ARM\ARMCC\Bin'
Rebuild target 'Target 1'
assembling startup_stm32f10x_hd.s...
compiling system_stm32f10x.c...
compiling stm32f10x_it.c...
compiling rtc.c...
compiling usart1.c...
compiling beep.c...
compiling led.c...
compiling key.c...
compiling delay.c...
compiling bsp_lcd.c...
compiling pic.c...
compiling ESP8266.c...
compiling zi.c...
compiling main.c...
compiling cJSON.c...
..\user\api\cJSON.c(1992): warning:  #2803-D: unrecognized GCC pragma
      #pragma GCC diagnostic push
..\user\api\cJSON.c(1995): warning:  #2803-D: unrecognized GCC pragma
  #pragma GCC diagnostic ignored "-Wcast-qual"
..\user\api\cJSON.c(2003): warning:  #2803-D: unrecognized GCC pragma
      #pragma GCC diagnostic pop
..\user\api\cJSON.c: 3 warnings, 0 errors
compiling useled.c...
compiling spi_flash.c...
compiling my1680.c...
compiling dht11.c...
compiling lcdshowtask.c...
..\user\api\lcdshowtask.c(54): warning:  #940-D: missing return statement at end of non-void function "Get_info_from_Internet" 
  }
..\user\api\lcdshowtask.c(67): warning:  #870-D: invalid multibyte character sequence
  				strcpy(CNWord,"鏅? "); 
..\user\api\lcdshowtask.c(133): warning:  #870-D: invalid multibyte character sequence
  				strcpy(CNWord,"闃? ");
..\user\api\lcdshowtask.c(195): warning:  #870-D: invalid multibyte character sequence
  				strcpy(CNWord,"闆烽樀闆? ");	
..\user\api\lcdshowtask.c(350): warning:  #870-D: invalid multibyte character sequence
  				strcpy(CNWord,"闆? ");			
..\user\api\lcdshowtask.c(386): warning:  #870-D: invalid multibyte character sequence
  	sprintf(tmpbuff,"%d鈩? ",dht11_data.TMP);
..\user\api\lcdshowtask.c(424): warning:  #870-D: invalid multibyte character sequence
  				lv_label_set_text(label_light,"浜? ");			
..\user\api\lcdshowtask.c(434): warning:  #870-D: invalid multibyte character sequence
  				lv_label_set_text(label_light,"鏆? ");
..\user\api\lcdshowtask.c(443): warning:  #870-D: invalid multibyte character sequence
  				lv_label_set_text(label_ppm,"浼? ");
..\user\api\lcdshowtask.c(448): warning:  #870-D: invalid multibyte character sequence
  				lv_label_set_text(label_ppm,"鑹? ");
..\user\api\lcdshowtask.c(453): warning:  #870-D: invalid multibyte character sequence
  				lv_label_set_text(label_ppm,"涓? ");
..\user\api\lcdshowtask.c(458): warning:  #870-D: invalid multibyte character sequence
  				lv_label_set_text(label_ppm,"宸? ");
..\user\api\lcdshowtask.c(463): warning:  #870-D: invalid multibyte character sequence
  				lv_label_set_text(label_ppm,"鐗瑰埆宸? ");
..\user\api\lcdshowtask.c(681): warning:  #870-D: invalid multibyte character sequence
  	sprintf(tmpbuff,"%s鈩? ",city5_weather[0].acity_weather[0].hight);
..\user\api\lcdshowtask.c(685): warning:  #870-D: invalid multibyte character sequence
  	sprintf(tmpbuff,"%s鈩? ",city5_weather[0].acity_weather[0].lowt);
..\user\api\lcdshowtask.c: 15 warnings, 0 errors
compiling adc.c...
..\user\api\adc.c(89): warning:  #177-D: variable "temp"  was declared but never referenced
  	u16 temp;
..\user\api\adc.c: 1 warning, 0 errors
compiling stm32f10x_cec.c...
compiling stm32f10x_bkp.c...
compiling stm32f10x_can.c...
compiling misc.c...
compiling stm32f10x_adc.c...
compiling stm32f10x_exti.c...
compiling stm32f10x_dma.c...
compiling stm32f10x_dac.c...
compiling stm32f10x_flash.c...
compiling stm32f10x_crc.c...
compiling stm32f10x_dbgmcu.c...
compiling stm32f10x_gpio.c...
compiling stm32f10x_fsmc.c...
compiling lv_disp.c...
compiling stm32f10x_i2c.c...
compiling stm32f10x_pwr.c...
compiling stm32f10x_rcc.c...
compiling lv_indev.c...
compiling lv_draw.c...
compiling lv_obj.c...
compiling lv_group.c...
compiling lv_refr.c...
compiling lv_style.c...
compiling stm32f10x_sdio.c...
compiling lv_draw_label.c...
compiling stm32f10x_usart.c...
compiling lv_draw_img.c...
compiling stm32f10x_rtc.c...
compiling lv_draw_arc.c...
compiling stm32f10x_spi.c...
compiling lv_draw_line.c...
compiling lv_draw_rect.c...
compiling stm32f10x_tim.c...
compiling lv_draw_basic.c...
..\LVGL\lvgl-v6.0\src\lv_draw\lv_draw_basic.c(660): warning:  #177-D: function "color_mix_2_alpha"  was declared but never referenced
  static inline lv_color_t color_mix_2_alpha(lv_color_t bg_color, lv_opa_t bg_opa, lv_color_t fg_color, lv_opa_t fg_opa)
..\LVGL\lvgl-v6.0\src\lv_draw\lv_draw_basic.c: 1 warning, 0 errors
compiling lv_font_roboto_12.c...
compiling lv_hal_disp.c...
compiling lv_font.c...
compiling lv_font_roboto_16.c...
compiling lv_draw_triangle.c...
compiling lv_font_unscii_8.c...
compiling lv_font_fmt_txt.c...
compiling lv_img_cache.c...
compiling lv_font_roboto_22.c...
compiling lv_img_decoder.c...
compiling lv_font_roboto_28.c...
compiling lv_area.c...
compiling lv_color.c...
compiling lv_hal_tick.c...
compiling lv_anim.c...
compiling lv_ll.c...
compiling lv_circ.c...
compiling lv_log.c...
compiling lv_math.c...
compiling lv_fs.c...
compiling lv_gc.c...
compiling lv_hal_indev.c...
compiling lv_templ.c...
compiling lv_mem.c...
compiling lv_utils.c...
compiling lv_btnm.c...
compiling lv_calendar.c...
compiling lv_btn.c...
compiling lv_task.c...
compiling lv_arc.c...
compiling lv_txt.c...
compiling lv_bar.c...
compiling lv_canvas.c...
compiling lv_imgbtn.c...
compiling lv_chart.c...
compiling lv_led.c...
compiling lv_ddlist.c...
compiling lv_line.c...
compiling lv_cb.c...
compiling lv_kb.c...
compiling lv_label.c...
compiling lv_img.c...
compiling lv_cont.c...
compiling lv_gauge.c...
compiling lv_preload.c...
compiling lv_spinbox.c...
compiling lv_lmeter.c...
compiling lv_list.c...
compiling lv_roller.c...
compiling lv_objx_templ.c...
compiling lv_page.c...
compiling lv_ta.c...
compiling lv_slider.c...
compiling lv_mbox.c...
compiling lv_sw.c...
compiling lv_theme_alien.c...
compiling lv_theme_material.c...
compiling lv_tabview.c...
compiling lv_theme_nemo.c...
compiling lv_theme_default.c...
compiling lv_tileview.c...
compiling lv_theme_mono.c...
compiling lv_theme_night.c...
compiling lv_table.c...
compiling lv_win.c...
compiling lv_theme.c...
compiling lv_tutorial_hello_world.c...
compiling yunduan.c...
compiling location.c...
compiling cloudy.c...
compiling wifi.c...
compiling lv_theme_zen.c...
compiling font1.c...
..\LVGL_APP\font1.c(3671): warning:  #144-D: a value of type "const uint16_t *" cannot be used to initialize an entity of type "uint16_t *"
          .unicode_list = unicode_list_1, .glyph_id_ofs_list = NULL, .list_length = 159, .type = LV_FONT_FMT_TXT_CMAP_SPARSE_TINY
..\LVGL_APP\font1.c(3977): warning:  #144-D: a value of type "const int8_t *" cannot be used to initialize an entity of type "const uint8_t *"
      .class_pair_values   = kern_class_values,
..\LVGL_APP\font1.c: 2 warnings, 0 errors
compiling lv_theme_templ.c...
compiling font2.c...
..\LVGL_APP\font2.c(496): warning:  #144-D: a value of type "const uint16_t *" cannot be used to initialize an entity of type "uint16_t *"
          .unicode_list = unicode_list_0, .glyph_id_ofs_list = NULL, .list_length = 21, .type = LV_FONT_FMT_TXT_CMAP_SPARSE_TINY
..\LVGL_APP\font2.c: 1 warning, 0 errors
compiling lvgltask1.c...
..\LVGL_APP\lvgltask1.h(8): warning:  #1-D: last line of file ends without a newline
  #endif
..\LVGL_APP\lvgltask1.c: 1 warning, 0 errors
compiling shangxiafanjiantou.c...
compiling xiaotu1.c...
compiling qing.c...
compiling wenduji.c...
compiling xiaotu2.c...
compiling guangzhaoqiangdu.c...
compiling baoyu.c...
compiling shiduji.c...
compiling kongqizhiliang.c...
compiling dianchi.c...
compiling leizhenyu.c...
compiling duoyun.c...
compiling interface3img.c...
compiling xiaoyu.c...
compiling zhenyu.c...
compiling zhongyu.c...
compiling dayu.c...
compiling yin.c...
compiling youjiantou.c...
compiling xiaotu3.c...
compiling styleseetting1.c...
..\LVGL_APP\styleseetting1.c(263): warning:  #870-D: invalid multibyte character sequence
  	sprintf(tmpbuff,"%s鈩? ",Now_temperature);
..\LVGL_APP\styleseetting1.c(416): warning:  #870-D: invalid multibyte character sequence
  	sprintf(text_setting_tmpbuff,"%s/%s鈩? ",city5_weather[0].acity_weather[0].lowt,city5_weather[0].acity_weather[0].hight);
..\LVGL_APP\styleseetting1.c(437): warning:  #870-D: invalid multibyte character sequence
  	sprintf(text_setting_tmpbuff,"%s/%s鈩? ",city5_weather[0].acity_weather[1].lowt,city5_weather[0].acity_weather[1].hight);
..\LVGL_APP\styleseetting1.c(459): warning:  #870-D: invalid multibyte character sequence
  	sprintf(text_setting_tmpbuff,"%s/%s鈩? ",city5_weather[0].acity_weather[2].lowt,city5_weather[0].acity_weather[2].hight);
..\LVGL_APP\styleseetting1.c(473): warning:  #870-D: invalid multibyte character sequence
  	lv_label_set_text(label_text2, "鏈�杩戜笁澶╁ぉ姘斿睍绀? ");			//“最近三天天气展示”文本显示
..\LVGL_APP\styleseetting1.c(643): warning:  #870-D: invalid multibyte character sequence
  	sprintf(text_setting_tmpbuff,"%s/%s鈩? ",city5_weather[i].acity_weather[0].lowt,city5_weather[i].acity_weather[0].hight);	
..\LVGL_APP\styleseetting1.c(654): warning:  #870-D: invalid multibyte character sequence
  	sprintf(text_setting_tmpbuff,"%s/%s鈩? ",city5_weather[i].acity_weather[1].lowt,city5_weather[i].acity_weather[1].hight);	
..\LVGL_APP\styleseetting1.c(665): warning:  #870-D: invalid multibyte character sequence
  	sprintf(text_setting_tmpbuff,"%s/%s鈩? ",city5_weather[i].acity_weather[2].lowt,city5_weather[i].acity_weather[2].hight);		
..\LVGL_APP\styleseetting1.c: 8 warnings, 0 errors
compiling zuojiantou.c...
compiling font3.c...
..\LVGL_APP\font3.c(2368): warning:  #144-D: a value of type "const int8_t *" cannot be used to initialize an entity of type "const uint8_t *"
      .class_pair_values   = kern_class_values,
..\LVGL_APP\font3.c: 1 warning, 0 errors
compiling lv_port_disp.c...
..\LVGL\lvgl_driver\lv_port_disp.c(76): warning:  #177-D: function "disp_init"  was declared but never referenced
  static void disp_init(void)
..\LVGL\lvgl_driver\lv_port_disp.c: 1 warning, 0 errors
linking...
Program Size: Code=94330 RO-data=401282 RW-data=3644 ZI-data=57788  
FromELF: creating hex file...
".\Objects\stm32f103zet6.axf" - 0 Error(s), 34 Warning(s).

<h2>Software Packages used:</h2>

Package Vendor: ARM
                http://www.keil.com/pack/ARM.CMSIS.5.5.1.pack
                ARM.CMSIS.5.5.1
                CMSIS (Cortex Microcontroller Software Interface Standard)
   * Component: CORE Version: 5.2.0

Package Vendor: Keil
                http://www.keil.com/pack/Keil.STM32F1xx_DFP.1.0.5.pack
                Keil.STM32F1xx_DFP.1.0.5
                STMicroelectronics STM32F1 Series Device Support, Drivers and Examples

<h2>Collection of Component include folders:</h2>
  .\RTE\_Target_1
  D:\Program Files (x86)\MDK\ARM\ARM\CMSIS\5.5.1\CMSIS\Core\Include
  D:\Program Files (x86)\MDK\ARM\Keil\STM32F1xx_DFP\1.0.5\Device\Include

<h2>Collection of Component Files used:</h2>

   * Component: ARM::CMSIS:CORE:5.2.0
Build Time Elapsed:  00:00:12
</pre>
</body>
</html>
