Component: ARM Compiler 5.06 update 6 (build 750) Tool: armlink [4d35ed]

==============================================================================

Section Cross References

    system_stm32f10x.o(i.SetSysClock) refers to system_stm32f10x.o(i.SetSysClockTo72) for SetSysClockTo72
    system_stm32f10x.o(i.SystemCoreClockUpdate) refers to system_stm32f10x.o(.data) for SystemCoreClock
    system_stm32f10x.o(i.SystemInit) refers to system_stm32f10x.o(i.SetSysClock) for SetSysClock
    main.o(i.main) refers to lcdshowtask.o(i.SYSTEM_Init) for SYSTEM_Init
    main.o(i.main) refers to lcdshowtask.o(i.Get_info_from_Internet) for Get_info_from_Internet
    main.o(i.main) refers to printfa.o(i.__0printf) for __2printf
    main.o(i.main) refers to lcdshowtask.o(i.Create_LV_Task) for Create_LV_Task
    main.o(i.main) refers to delay.o(i.Delay_ms) for Delay_ms
    main.o(i.main) refers to atoi.o(.text) for atoi
    main.o(i.main) refers to my1680.o(i.playtime) for playtime
    main.o(i.main) refers to lv_task.o(i.lv_task_handler) for lv_task_handler
    main.o(i.main) refers to esp8266.o(.bss) for time_stringdata
    startup_stm32f10x_hd.o(RESET) refers to startup_stm32f10x_hd.o(STACK) for __initial_sp
    startup_stm32f10x_hd.o(RESET) refers to startup_stm32f10x_hd.o(.text) for Reset_Handler
    startup_stm32f10x_hd.o(RESET) refers to stm32f10x_it.o(i.NMI_Handler) for NMI_Handler
    startup_stm32f10x_hd.o(RESET) refers to stm32f10x_it.o(i.HardFault_Handler) for HardFault_Handler
    startup_stm32f10x_hd.o(RESET) refers to stm32f10x_it.o(i.MemManage_Handler) for MemManage_Handler
    startup_stm32f10x_hd.o(RESET) refers to stm32f10x_it.o(i.BusFault_Handler) for BusFault_Handler
    startup_stm32f10x_hd.o(RESET) refers to stm32f10x_it.o(i.UsageFault_Handler) for UsageFault_Handler
    startup_stm32f10x_hd.o(RESET) refers to stm32f10x_it.o(i.SVC_Handler) for SVC_Handler
    startup_stm32f10x_hd.o(RESET) refers to stm32f10x_it.o(i.DebugMon_Handler) for DebugMon_Handler
    startup_stm32f10x_hd.o(RESET) refers to stm32f10x_it.o(i.PendSV_Handler) for PendSV_Handler
    startup_stm32f10x_hd.o(RESET) refers to delay.o(i.SysTick_Handler) for SysTick_Handler
    startup_stm32f10x_hd.o(RESET) refers to rtc.o(i.RTC_IRQHandler) for RTC_IRQHandler
    startup_stm32f10x_hd.o(RESET) refers to key.o(i.EXTI0_IRQHandler) for EXTI0_IRQHandler
    startup_stm32f10x_hd.o(RESET) refers to usart1.o(i.USART1_IRQHandler) for USART1_IRQHandler
    startup_stm32f10x_hd.o(RESET) refers to esp8266.o(i.USART3_IRQHandler) for USART3_IRQHandler
    startup_stm32f10x_hd.o(.text) refers to system_stm32f10x.o(i.SystemInit) for SystemInit
    startup_stm32f10x_hd.o(.text) refers to entry.o(.ARM.Collect$$$$00000000) for __main
    delay.o(i.SysTick_Handler) refers to lv_hal_tick.o(i.lv_tick_inc) for lv_tick_inc
    delay.o(i.SysTick_Handler) refers to delay.o(.data) for task1time
    led.o(i.Led_Config) refers to stm32f10x_rcc.o(i.RCC_APB2PeriphClockCmd) for RCC_APB2PeriphClockCmd
    led.o(i.Led_Config) refers to stm32f10x_gpio.o(i.GPIO_Init) for GPIO_Init
    led.o(i.Led_Config) refers to stm32f10x_gpio.o(i.GPIO_SetBits) for GPIO_SetBits
    beep.o(i.BEEP_Init) refers to stm32f10x_rcc.o(i.RCC_APB2PeriphClockCmd) for RCC_APB2PeriphClockCmd
    beep.o(i.BEEP_Init) refers to stm32f10x_gpio.o(i.GPIO_Init) for GPIO_Init
    beep.o(i.BEEP_ON) refers to stm32f10x_gpio.o(i.GPIO_SetBits) for GPIO_SetBits
    beep.o(i.BEEP_ON) refers to stm32f10x_gpio.o(i.GPIO_ResetBits) for GPIO_ResetBits
    key.o(i.EXTI0_IRQHandler) refers to stm32f10x_exti.o(i.EXTI_GetITStatus) for EXTI_GetITStatus
    key.o(i.EXTI0_IRQHandler) refers to stm32f10x_exti.o(i.EXTI_ClearITPendingBit) for EXTI_ClearITPendingBit
    key.o(i.Exti0_Config) refers to key.o(i.KEY_Init) for KEY_Init
    key.o(i.Exti0_Config) refers to stm32f10x_rcc.o(i.RCC_APB2PeriphClockCmd) for RCC_APB2PeriphClockCmd
    key.o(i.Exti0_Config) refers to stm32f10x_gpio.o(i.GPIO_EXTILineConfig) for GPIO_EXTILineConfig
    key.o(i.Exti0_Config) refers to stm32f10x_exti.o(i.EXTI_Init) for EXTI_Init
    key.o(i.Exti0_Config) refers to misc.o(i.NVIC_Init) for NVIC_Init
    key.o(i.KEY_Check) refers to stm32f10x_gpio.o(i.GPIO_ReadInputDataBit) for GPIO_ReadInputDataBit
    key.o(i.KEY_Check) refers to delay.o(i.Delay_ms) for Delay_ms
    key.o(i.KEY_Init) refers to stm32f10x_rcc.o(i.RCC_APB2PeriphClockCmd) for RCC_APB2PeriphClockCmd
    key.o(i.KEY_Init) refers to stm32f10x_gpio.o(i.GPIO_Init) for GPIO_Init
    rtc.o(i.BKP_test) refers to stm32f10x_rcc.o(i.RCC_APB1PeriphClockCmd) for RCC_APB1PeriphClockCmd
    rtc.o(i.BKP_test) refers to stm32f10x_pwr.o(i.PWR_BackupAccessCmd) for PWR_BackupAccessCmd
    rtc.o(i.BKP_test) refers to stm32f10x_bkp.o(i.BKP_WriteBackupRegister) for BKP_WriteBackupRegister
    rtc.o(i.RTC_Alarm_Set) refers to rtc.o(i.Is_Leap_Year) for Is_Leap_Year
    rtc.o(i.RTC_Alarm_Set) refers to stm32f10x_rcc.o(i.RCC_APB1PeriphClockCmd) for RCC_APB1PeriphClockCmd
[...]
    dayu_map                                 0x0806d7a8   Data        7200  dayu.o(.constdata)
    dayu                                     0x0806f3c8   Data          12  dayu.o(.constdata)
    duoyun_map                               0x0806f3d4   Data        7200  duoyun.o(.constdata)
    duoyun                                   0x08070ff4   Data          12  duoyun.o(.constdata)
    leizhenyu_map                            0x08071000   Data        7200  leizhenyu.o(.constdata)
    leizhenyu                                0x08072c20   Data          12  leizhenyu.o(.constdata)
    xiaoyu_map                               0x08072c2c   Data        7200  xiaoyu.o(.constdata)
    xiaoyu                                   0x0807484c   Data          12  xiaoyu.o(.constdata)
    zuojiantou_map                           0x08074858   Data         800  zuojiantou.o(.constdata)
    zuojiantou                               0x08074b78   Data          12  zuojiantou.o(.constdata)
    __ctype_table                            0x08078c40   Data         129  ctype_o.o(.constdata)
    Region$$Table$$Base                      0x08078fdc   Number         0  anon$$obj.o(Region$$Table)
    Region$$Table$$Limit                     0x08078ffc   Number         0  anon$$obj.o(Region$$Table)
    SystemCoreClock                          0x20000000   Data           4  system_stm32f10x.o(.data)
    AHBPrescTable                            0x20000004   Data          16  system_stm32f10x.o(.data)
    task1time                                0x20000014   Data           4  delay.o(.data)
    task2time                                0x20000018   Data           4  delay.o(.data)
    task3time                                0x2000001c   Data           4  delay.o(.data)
    task4time                                0x20000020   Data           4  delay.o(.data)
    alarm                                    0x20000024   Data           3  rtc.o(.data)
    alarm_time                               0x20000028   Data           4  rtc.o(.data)
    Now_temperature                          0x2000002e   Data           3  esp8266.o(.data)
    tmp                                      0x20000048   Data           1  my1680.o(.data)
    dht11_data                               0x20000049   Data           2  dht11.o(.data)
    nowui_flag                               0x2000004c   Data           1  lcdshowtask.o(.data)
    change_flag                              0x2000004d   Data           1  lcdshowtask.o(.data)
    nowcity_flag                             0x2000004e   Data           1  lcdshowtask.o(.data)
    change_cityflag                          0x2000004f   Data           1  lcdshowtask.o(.data)
    label_init_text                          0x20000050   Data           4  lcdshowtask.o(.data)
    controot5                                0x20000054   Data           4  lcdshowtask.o(.data)
    Task1_Handle                             0x20000058   Data           4  lcdshowtask.o(.data)
    Task2_Handle                             0x2000005c   Data           4  lcdshowtask.o(.data)
    Task3_Handle                             0x20000060   Data           4  lcdshowtask.o(.data)
    Task4_Handle                             0x20000064   Data           4  lcdshowtask.o(.data)
    Task5_Handle                             0x20000068   Data           4  lcdshowtask.o(.data)
    Task6_Handle                             0x2000006c   Data           4  lcdshowtask.o(.data)
    Task7_Handle                             0x20000070   Data           4  lcdshowtask.o(.data)
    Task8_Handle                             0x20000074   Data           4  lcdshowtask.o(.data)
    Task9_Handle                             0x20000078   Data           4  lcdshowtask.o(.data)
    ADCValue                                 0x2000007c   Data           4  adc.o(.data)
    lv_font_roboto_16                        0x20000ca0   Data          20  lv_font_roboto_16.o(.data)
    _lv_img_cache_array                      0x20000cc8   Data           4  lv_gc.o(.data)
    _lv_task_act                             0x20000ccc   Data           4  lv_gc.o(.data)
    lv_txt_encoded_size                      0x20000cf0   Data           4  lv_txt.o(.data)
    lv_txt_unicode_to_encoded                0x20000cf4   Data           4  lv_txt.o(.data)
    lv_txt_encoded_conv_wc                   0x20000cf8   Data           4  lv_txt.o(.data)
    lv_txt_encoded_next                      0x20000cfc   Data           4  lv_txt.o(.data)
    lv_txt_encoded_prev                      0x20000d00   Data           4  lv_txt.o(.data)
    lv_txt_encoded_get_byte_id               0x20000d04   Data           4  lv_txt.o(.data)
    lv_encoded_get_char_id                   0x20000d08   Data           4  lv_txt.o(.data)
    lv_txt_get_encoded_length                0x20000d0c   Data           4  lv_txt.o(.data)
    font1                                    0x20000d3c   Data          20  font1.o(.data)
    img1                                     0x20000d50   Data           4  styleseetting1.o(.data)
    img2                                     0x20000d54   Data           4  styleseetting1.o(.data)
    img3                                     0x20000d58   Data           4  styleseetting1.o(.data)
    img4                                     0x20000d5c   Data           4  styleseetting1.o(.data)
    img_weather                              0x20000d60   Data           4  styleseetting1.o(.data)
    controot1                                0x20000d64   Data           4  styleseetting1.o(.data)
    label_time                               0x20000d68   Data           4  styleseetting1.o(.data)
    label_date                               0x20000d6c   Data           4  styleseetting1.o(.data)
    label_week                               0x20000d70   Data           4  styleseetting1.o(.data)
    label_weather1_hight                     0x20000d74   Data           4  styleseetting1.o(.data)
    label_weather1_lowt                      0x20000d78   Data           4  styleseetting1.o(.data)
    label_weather2                           0x20000d7c   Data           4  styleseetting1.o(.data)
    label_weather3                           0x20000d80   Data           4  styleseetting1.o(.data)
    label_weather_text                       0x20000d84   Data           4  styleseetting1.o(.data)
    label_text1                              0x20000d88   Data           4  styleseetting1.o(.data)
    label_text2                              0x20000d8c   Data           4  styleseetting1.o(.data)
    label_nowtemper                          0x20000d90   Data           4  styleseetting1.o(.data)
    label_HUM                                0x20000d94   Data           4  styleseetting1.o(.data)
    label_TEM                                0x20000d98   Data           4  styleseetting1.o(.data)
    label_light                              0x20000d9c   Data           4  styleseetting1.o(.data)
    label_ppm                                0x20000da0   Data           4  styleseetting1.o(.data)
    controot2                                0x20000da4   Data           4  styleseetting1.o(.data)
    interface2_img1                          0x20000da8   Data           4  styleseetting1.o(.data)
    interface2_img2                          0x20000dac   Data           4  styleseetting1.o(.data)
    interface2_img3                          0x20000db0   Data           4  styleseetting1.o(.data)
    img2_weather_today                       0x20000db4   Data           4  styleseetting1.o(.data)
    img2_weather_tommorrow                   0x20000db8   Data           4  styleseetting1.o(.data)
    img2_weather_aftertomm                   0x20000dbc   Data           4  styleseetting1.o(.data)
    img3_weather_today                       0x20000dc0   Data           4  styleseetting1.o(.data)
    img3_weather_tommorrow                   0x20000dc4   Data           4  styleseetting1.o(.data)
    img3_weather_aftertomm                   0x20000dc8   Data           4  styleseetting1.o(.data)
    controot3                                0x20000dcc   Data           4  styleseetting1.o(.data)
    interface3_img1                          0x20000dd0   Data           4  styleseetting1.o(.data)
    interface3_img2                          0x20000dd4   Data           4  styleseetting1.o(.data)
    label3_text1                             0x20000dd8   Data           4  styleseetting1.o(.data)
    label3_text2                             0x20000ddc   Data           4  styleseetting1.o(.data)
    label3_text3                             0x20000de0   Data           4  styleseetting1.o(.data)
    label3_today                             0x20000de4   Data           4  styleseetting1.o(.data)
    label3_tommorrow                         0x20000de8   Data           4  styleseetting1.o(.data)
    label3_aftertomm                         0x20000dec   Data           4  styleseetting1.o(.data)
    label3_todayCN                           0x20000df0   Data           4  styleseetting1.o(.data)
    label3_tommorrowCN                       0x20000df4   Data           4  styleseetting1.o(.data)
    label3_aftertommCN                       0x20000df8   Data           4  styleseetting1.o(.data)
    font3                                    0x20000e18   Data          20  font3.o(.data)
    __stdout                                 0x20000e2c   Data           4  stdout.o(.data)
    __microlib_freelist                      0x20000e30   Data           4  mvars.o(.data)
    __microlib_freelist_initialised          0x20000e34   Data           4  mvars.o(.data)
    calendar                                 0x20000e3c   Data          10  rtc.o(.bss)
    USART1_Data                              0x20000e46   Data        8196  usart1.o(.bss)
    lcddev                                   0x20002e4a   Data          14  bsp_lcd.o(.bss)
    WIFI_Data                                0x20002e58   Data        1204  esp8266.o(.bss)
    weather_stringdata                       0x2000330c   Data          35  esp8266.o(.bss)
    city5_weather                            0x2000332f   Data         525  esp8266.o(.bss)
    weather_day3stringdata                   0x2000353c   Data         105  esp8266.o(.bss)
    time_stringdata                          0x200035a5   Data          46  esp8266.o(.bss)
    CNWord                                   0x200035d4   Data          20  lcdshowtask.o(.bss)
    tmpbuff                                  0x200035e8   Data          50  lcdshowtask.o(.bss)
    init_style                               0x2000361c   Data          60  lcdshowtask.o(.bss)
    lv_style_scr                             0x20003658   Data          60  lv_style.o(.bss)
    lv_style_transp                          0x20003694   Data          60  lv_style.o(.bss)
    lv_style_transp_fit                      0x200036d0   Data          60  lv_style.o(.bss)
    lv_style_transp_tight                    0x2000370c   Data          60  lv_style.o(.bss)
    lv_style_plain                           0x20003748   Data          60  lv_style.o(.bss)
    lv_style_plain_color                     0x20003784   Data          60  lv_style.o(.bss)
    lv_style_pretty                          0x200037c0   Data          60  lv_style.o(.bss)
    lv_style_pretty_color                    0x200037fc   Data          60  lv_style.o(.bss)
    lv_style_btn_rel                         0x20003838   Data          60  lv_style.o(.bss)
    lv_style_btn_pr                          0x20003874   Data          60  lv_style.o(.bss)
    lv_style_btn_tgl_rel                     0x200038b0   Data          60  lv_style.o(.bss)
    lv_style_btn_tgl_pr                      0x200038ec   Data          60  lv_style.o(.bss)
    lv_style_btn_ina                         0x20003928   Data          60  lv_style.o(.bss)
    _lv_task_ll                              0x20003964   Data          12  lv_gc.o(.bss)
    _lv_disp_ll                              0x20003970   Data          12  lv_gc.o(.bss)
    _lv_indev_ll                             0x2000397c   Data          12  lv_gc.o(.bss)
    _lv_drv_ll                               0x20003988   Data          12  lv_gc.o(.bss)
    _lv_file_ll                              0x20003994   Data          12  lv_gc.o(.bss)
    _lv_anim_ll                              0x200039a0   Data          12  lv_gc.o(.bss)
    _lv_group_ll                             0x200039ac   Data          12  lv_gc.o(.bss)
    _lv_img_defoder_ll                       0x200039b8   Data          12  lv_gc.o(.bss)
    text_setting_tmpbuff                     0x2000a44c   Data          50  styleseetting1.o(.bss)
    title0_style                             0x2000a480   Data          60  styleseetting1.o(.bss)
    contstyle1                               0x2000a4bc   Data          60  styleseetting1.o(.bss)
    date_style                               0x2000a4f8   Data          60  styleseetting1.o(.bss)
    date_style2                              0x2000a534   Data          60  styleseetting1.o(.bss)
    city_style                               0x2000a570   Data          60  styleseetting1.o(.bss)
    text_style1                              0x2000a5ac   Data          60  styleseetting1.o(.bss)
    LP_style                                 0x2000a5e8   Data          60  styleseetting1.o(.bss)
    contstyle2                               0x2000a624   Data          60  styleseetting1.o(.bss)
    three_day_Words                          0x2000a660   Data          60  styleseetting1.o(.bss)
    city4_style                              0x2000a69c   Data          60  styleseetting1.o(.bss)
    __heap_base                              0x2000bff8   Data           0  startup_stm32f10x_hd.o(HEAP)
    __heap_limit                             0x2000dff8   Data           0  startup_stm32f10x_hd.o(HEAP)
    __initial_sp                             0x2000eff8   Data           0  startup_stm32f10x_hd.o(STACK)



==============================================================================

Memory Map of the image

  Image Entry point : 0x08000131

  Load Region LR_IROM1 (Base: 0x08000000, Size: 0x00079e38, Max: 0x00080000, ABSOLUTE, COMPRESSED[0x000796b8])

    Execution Region ER_IROM1 (Exec base: 0x08000000, Load base: 0x08000000, Size: 0x00078ffc, Max: 0x00080000, ABSOLUTE)

    Exec Addr    Load Addr    Size         Type   Attr      Idx    E Section Name        Object

    0x08000000   0x08000000   0x00000130   Data   RO          557    RESET               startup_stm32f10x_hd.o
    0x08000130   0x08000130   0x00000000   Code   RO        16576  * .ARM.Collect$$$$00000000  mc_w.l(entry.o)
    0x08000130   0x08000130   0x00000004   Code   RO        16916    .ARM.Collect$$$$00000001  mc_w.l(entry2.o)
    0x08000134   0x08000134   0x00000004   Code   RO        16919    .ARM.Collect$$$$00000004  mc_w.l(entry5.o)
    0x08000138   0x08000138   0x00000000   Code   RO        16921    .ARM.Collect$$$$00000008  mc_w.l(entry7b.o)
    0x08000138   0x08000138   0x00000000   Code   RO        16923    .ARM.Collect$$$$0000000A  mc_w.l(entry8b.o)
    0x08000138   0x08000138   0x00000008   Code   RO        16924    .ARM.Collect$$$$0000000B  mc_w.l(entry9a.o)
    0x08000140   0x08000140   0x00000000   Code   RO        16926    .ARM.Collect$$$$0000000D  mc_w.l(entry10a.o)
    0x08000140   0x08000140   0x00000000   Code   RO        16928    .ARM.Collect$$$$0000000F  mc_w.l(entry11a.o)
    0x08000140   0x08000140   0x00000004   Code   RO        16917    .ARM.Collect$$$$00002712  mc_w.l(entry2.o)
    0x08000144   0x08000144   0x00000024   Code   RO          558    .text               startup_stm32f10x_hd.o
    0x08000168   0x08000168   0x0000000c   Code   RO        16579    .text               mc_w.l(tolower.o)
    0x08000174   0x08000174   0x00000028   Code   RO        16581    .text               mc_w.l(memcpy.o)
    0x0800019c   0x0800019c   0x00000024   Code   RO        16587    .text               mc_w.l(memseta.o)
    0x080001c0   0x080001c0   0x00000024   Code   RO        16589    .text               mc_w.l(strstr.o)
    0x080001e4   0x080001e4   0x0000000e   Code   RO        16591    .text               mc_w.l(strlen.o)
    0x080001f2   0x080001f2   0x0000001c   Code   RO        16593    .text               mc_w.l(strcmp.o)
    0x0800020e   0x0800020e   0x00000012   Code   RO        16595    .text               mc_w.l(strcpy.o)
    0x08000220   0x08000220   0x0000001e   Code   RO        16597    .text               mc_w.l(strncmp.o)
    0x0800023e   0x0800023e   0x0000001a   Code   RO        16894    .text               mc_w.l(atoi.o)
    0x08000258   0x08000258   0x0000001a   Code   RO        16896    .text               mc_w.l(atol.o)
    0x08000272   0x08000272   0x0000014e   Code   RO        16898    .text               mf_w.l(dadd.o)
    0x080003c0   0x080003c0   0x000000e4   Code   RO        16900    .text               mf_w.l(dmul.o)
    0x080004a4   0x080004a4   0x0000001a   Code   RO        16904    .text               mf_w.l(dfltui.o)
    0x080004be   0x080004be   0x0000003e   Code   RO        16906    .text               mf_w.l(dfixi.o)
    0x080004fc   0x080004fc   0x00000032   Code   RO        16908    .text               mf_w.l(dfixui.o)
    0x0800052e   0x0800052e   0x00000002   PAD
    0x08000530   0x08000530   0x00000030   Code   RO        16912    .text               mf_w.l(cdcmple.o)
    0x08000560   0x08000560   0x00000030   Code   RO        16914    .text               mf_w.l(cdrcmple.o)
    0x08000590   0x08000590   0x0000002c   Code   RO        16931    .text               mc_w.l(uidiv.o)
    0x080005bc   0x080005bc   0x00000062   Code   RO        16933    .text               mc_w.l(uldiv.o)
    0x0800061e   0x0800061e   0x0000001e   Code   RO        16935    .text               mc_w.l(llshl.o)
    0x0800063c   0x0800063c   0x00000020   Code   RO        16937    .text               mc_w.l(llushr.o)
    0x0800065c   0x0800065c   0x00000024   Code   RO        16939    .text               mc_w.l(llsshr.o)
    0x08000680   0x08000680   0x00000360   Code   RO        16956    .text               mc_w.l(scanf_fp.o)
    0x080009e0   0x080009e0   0x00000040   Code   RO        16962    .text               mc_w.l(_sgetc.o)
    0x08000a20   0x08000a20   0x0000009c   Code   RO        16964    .text               mc_w.l(strtod.o)
    0x08000abc   0x08000abc   0x00000070   Code   RO        16966    .text               mc_w.l(strtol.o)
    0x08000b2c   0x08000b2c   0x00000000   Code   RO        16968    .text               mc_w.l(iusefp.o)
    0x08000b2c   0x08000b2c   0x000000ba   Code   RO        16969    .text               mf_w.l(depilogue.o)
    0x08000be6   0x08000be6   0x000000de   Code   RO        16971    .text               mf_w.l(ddiv.o)
    0x08000cc4   0x08000cc4   0x00000030   Code   RO        16973    .text               mf_w.l(dfixul.o)
    0x08000cf4   0x08000cf4   0x00000024   Code   RO        16975    .text               mc_w.l(init.o)
    0x08000d18   0x08000d18   0x00000008   Code   RO        16979    .text               mc_w.l(ctype_o.o)
    0x08000d20   0x08000d20   0x00000012   Code   RO        17001    .text               mc_w.l(isspace_o.o)
    0x08000d32   0x08000d32   0x0000001c   Code   RO        17007    .text               mc_w.l(_chval.o)
    0x08000d4e   0x08000d4e   0x0000009e   Code   RO        17011    .text               mc_w.l(_strtoul.o)
    0x08000dec   0x08000dec   0x00000018   Code   RO        17013    .text               mf_w.l(dfltul.o)
    0x08000e04   0x08000e04   0x00000038   Code   RO        17015    .text               mf_w.l(d2f.o)
    0x08000e3c   0x08000e3c   0x0000006e   Code   RO        17020    .text               mf_w.l(fepilogue.o)
    0x08000eaa   0x08000eaa   0x00000056   Code   RO        17030    .text               mc_w.l(__dczerorl2.o)
    0x08000f00   0x08000f00   0x00000060   Code   RO         2624    i.ADC1_DMAConfig    adc.o
    0x08000f60   0x08000f60   0x00000016   Code   RO         2732    i.ADC_Cmd           stm32f10x_adc.o
    0x08000f76   0x08000f76   0x00000016   Code   RO         2733    i.ADC_DMACmd        stm32f10x_adc.o
    0x08000f8c   0x08000f8c   0x00000014   Code   RO         2740    i.ADC_GetCalibrationStatus  stm32f10x_adc.o
    0x08000fa0   0x08000fa0   0x00000014   Code   RO         2746    i.ADC_GetResetCalibrationStatus  stm32f10x_adc.o
    0x08000fb4   0x08000fb4   0x00000050   Code   RO         2750    i.ADC_Init          stm32f10x_adc.o
    0x08001004   0x08001004   0x000000b8   Code   RO         2754    i.ADC_RegularChannelConfig  stm32f10x_adc.o
    0x080010bc   0x080010bc   0x0000000a   Code   RO         2755    i.ADC_ResetCalibration  stm32f10x_adc.o
    0x080010c6   0x080010c6   0x0000000a   Code   RO         2759    i.ADC_StartCalibration  stm32f10x_adc.o
    0x080010d0   0x080010d0   0x000004bc   Code   RO         1312    i.Analyse_CityWeatherJson  esp8266.o
    0x0800158c   0x0800158c   0x00000140   Code   RO         1313    i.Analyse_TimeJson  esp8266.o
    0x080016cc   0x080016cc   0x000001c8   Code   RO         1314    i.Analyse_TodayWeatherJson  esp8266.o
    0x08001894   0x08001894   0x0000002c   Code   RO          802    i.BEEP_Init         beep.o
    0x080018c0   0x080018c0   0x00000010   Code   RO         2962    i.BKP_DeInit        stm32f10x_bkp.o
    0x080018d0   0x080018d0   0x0000001c   Code   RO         2967    i.BKP_ReadBackupRegister  stm32f10x_bkp.o
    0x080018ec   0x080018ec   0x0000001c   Code   RO         2971    i.BKP_WriteBackupRegister  stm32f10x_bkp.o
    0x08001908   0x08001908   0x0000005c   Code   RO          880    i.BKP_test          rtc.o
    0x08001964   0x08001964   0x00000004   Code   RO            4    i.BusFault_Handler  stm32f10x_it.o
    0x08001968   0x08001968   0x00000140   Code   RO         1316    i.Connect_AP        esp8266.o
    0x08001aa8   0x08001aa8   0x00000190   Code   RO         1317    i.Connect_Server    esp8266.o
    0x08001c38   0x08001c38   0x000000b0   Code   RO         2452    i.Create_LV_Task    lcdshowtask.o
    0x08001ce8   0x08001ce8   0x00000054   Code   RO         2453    i.Create_LV_Task_interface1  lcdshowtask.o
    0x08001d3c   0x08001d3c   0x00000038   Code   RO         2412    i.DHT11_IOConfig    dht11.o
    0x08001d74   0x08001d74   0x00000018   Code   RO         3501    i.DMA_Cmd           stm32f10x_dma.o
    0x08001d8c   0x08001d8c   0x0000014c   Code   RO         3502    i.DMA_DeInit        stm32f10x_dma.o
    0x08001ed8   0x08001ed8   0x0000003c   Code   RO         3507    i.DMA_Init          stm32f10x_dma.o
    0x08001f14   0x08001f14   0x00000002   Code   RO            5    i.DebugMon_Handler  stm32f10x_it.o
    0x08001f16   0x08001f16   0x00000002   PAD
    0x08001f18   0x08001f18   0x00000028   Code   RO         2454    i.Del_LV_Task_interface1  lcdshowtask.o
    0x08001f40   0x08001f40   0x000000b4   Code   RO          565    i.Delay_ms          delay.o
    0x08001ff4   0x08001ff4   0x0000009c   Code   RO          566    i.Delay_us          delay.o
    0x08002090   0x08002090   0x0000008c   Code   RO         1318    i.Disconnect_Server  esp8266.o
    0x0800211c   0x0800211c   0x00000070   Code   RO         1319    i.ESP8266_Init      esp8266.o
    0x0800218c   0x0800218c   0x00000018   Code   RO         1320    i.EXIT_Scotch       esp8266.o
    0x080021a4   0x080021a4   0x00000012   Code   RO          835    i.EXTI0_IRQHandler  key.o
    0x080021b6   0x080021b6   0x00000002   PAD
    0x080021b8   0x080021b8   0x0000000c   Code   RO         3584    i.EXTI_ClearITPendingBit  stm32f10x_exti.o
    0x080021c4   0x080021c4   0x00000028   Code   RO         3588    i.EXTI_GetITStatus  stm32f10x_exti.o
    0x080021ec   0x080021ec   0x00000034   Code   RO         3846    i.FSMC_NORSRAMCmd   stm32f10x_fsmc.o
    0x08002220   0x08002220   0x000000e6   Code   RO         3848    i.FSMC_NORSRAMInit  stm32f10x_fsmc.o
    0x08002306   0x08002306   0x0000002e   Code   RO         1321    i.FindStr           esp8266.o
    0x08002334   0x08002334   0x0000007c   Code   RO         1322    i.GET_City5Weather  esp8266.o
    0x080023b0   0x080023b0   0x000000bc   Code   RO         1323    i.GET_Weather       esp8266.o
    0x0800246c   0x0800246c   0x00000116   Code   RO         3973    i.GPIO_Init         stm32f10x_gpio.o
    0x08002582   0x08002582   0x00000012   Code   RO         3977    i.GPIO_ReadInputDataBit  stm32f10x_gpio.o
    0x08002594   0x08002594   0x00000004   Code   RO         3980    i.GPIO_ResetBits    stm32f10x_gpio.o
    0x08002598   0x08002598   0x00000004   Code   RO         3981    i.GPIO_SetBits      stm32f10x_gpio.o
    0x0800259c   0x0800259c   0x000000b4   Code   RO         1324    i.Get_Weather1      esp8266.o
    0x08002650   0x08002650   0x00000188   Code   RO         2413    i.Get_dhtdata       dht11.o
    0x080027d8   0x080027d8   0x00000074   Code   RO         2455    i.Get_info_from_Internet  lcdshowtask.o
    0x0800284c   0x0800284c   0x00000004   Code   RO            6    i.HardFault_Handler  stm32f10x_it.o
    0x08002850   0x08002850   0x0000003a   Code   RO          881    i.Is_Leap_Year      rtc.o
    0x0800288a   0x0800288a   0x00000002   PAD
    0x0800288c   0x0800288c   0x000000bc   Code   RO          837    i.KEY_Check         key.o
    0x08002948   0x08002948   0x0000003c   Code   RO          838    i.KEY_Init          key.o
    0x08002984   0x08002984   0x0000006c   Code   RO         1065    i.LCD_Clear         bsp_lcd.o
    0x080029f0   0x080029f0   0x000001f4   Code   RO         1069    i.LCD_Display_Dir   bsp_lcd.o
    0x08002be4   0x08002be4   0x00000020   Code   RO         1074    i.LCD_Fast_DrawPoint  bsp_lcd.o
    0x08002c04   0x08002c04   0x00000014   Code   RO         1077    i.LCD_RD_DATA       bsp_lcd.o
    0x08002c18   0x08002c18   0x00000016   Code   RO         1079    i.LCD_ReadReg       bsp_lcd.o
    0x08002c2e   0x08002c2e   0x00000002   PAD
    0x08002c30   0x08002c30   0x00000054   Code   RO         1081    i.LCD_SSD_BackLightSet  bsp_lcd.o
    0x08002c84   0x08002c84   0x000002f8   Code   RO         1082    i.LCD_Scan_Dir      bsp_lcd.o
    0x08002f7c   0x08002f7c   0x00000210   Code   RO         1083    i.LCD_SetCursor     bsp_lcd.o
    0x0800318c   0x0800318c   0x00000018   Code   RO         1092    i.LCD_WR_DATA       bsp_lcd.o
    0x080031a4   0x080031a4   0x00000018   Code   RO         1093    i.LCD_WR_REG        bsp_lcd.o
    0x080031bc   0x080031bc   0x00000014   Code   RO         1095    i.LCD_WriteRAM_Prepare  bsp_lcd.o
    0x080031d0   0x080031d0   0x00000010   Code   RO         1096    i.LCD_WriteReg      bsp_lcd.o
    0x080031e0   0x080031e0   0x00000014   Code   RO         2456    i.Led1_TogleTask    lcdshowtask.o
    0x080031f4   0x080031f4   0x00000080   Code   RO          769    i.Led_Config        led.o
    0x08003274   0x08003274   0x00000004   Code   RO            7    i.MemManage_Handler  stm32f10x_it.o
    0x08003278   0x08003278   0x00000002   Code   RO            8    i.NMI_Handler       stm32f10x_it.o
    0x0800327a   0x0800327a   0x00000002   PAD
    0x0800327c   0x0800327c   0x00000070   Code   RO         2678    i.NVIC_Init         misc.o
    0x080032ec   0x080032ec   0x0000000c   Code   RO         4309    i.PWR_BackupAccessCmd  stm32f10x_pwr.o
    0x080032f8   0x080032f8   0x00000002   Code   RO            9    i.PendSV_Handler    stm32f10x_it.o
    0x080032fa   0x080032fa   0x00000002   PAD
    0x080032fc   0x080032fc   0x000001d0   Code   RO         2324    i.Play_Day3         my1680.o
    0x080034cc   0x080034cc   0x0000003a   Code   RO         2326    i.Play_MP3_dir      my1680.o
    0x08003506   0x08003506   0x00000002   PAD
    0x08003508   0x08003508   0x00000018   Code   RO         4381    i.RCC_ADCCLKConfig  stm32f10x_rcc.o
    0x08003520   0x08003520   0x00000020   Code   RO         4382    i.RCC_AHBPeriphClockCmd  stm32f10x_rcc.o
    0x08003540   0x08003540   0x00000020   Code   RO         4383    i.RCC_APB1PeriphClockCmd  stm32f10x_rcc.o
    0x08003560   0x08003560   0x00000020   Code   RO         4385    i.RCC_APB2PeriphClockCmd  stm32f10x_rcc.o
    0x08003580   0x08003580   0x0000000c   Code   RO         4388    i.RCC_BackupResetCmd  stm32f10x_rcc.o
    0x0800358c   0x0800358c   0x000000d4   Code   RO         4393    i.RCC_GetClocksFreq  stm32f10x_rcc.o
    0x08003660   0x08003660   0x0000003c   Code   RO         4394    i.RCC_GetFlagStatus  stm32f10x_rcc.o
    0x0800369c   0x0800369c   0x0000000c   Code   RO         4402    i.RCC_LSICmd        stm32f10x_rcc.o
    0x080036a8   0x080036a8   0x0000000c   Code   RO         4408    i.RCC_RTCCLKCmd     stm32f10x_rcc.o
    0x080036b4   0x080036b4   0x00000010   Code   RO         4409    i.RCC_RTCCLKConfig  stm32f10x_rcc.o
    0x080036c4   0x080036c4   0x00000010   Code   RO         4594    i.RTC_ClearITPendingBit  stm32f10x_rtc.o
    0x080036d4   0x080036d4   0x00000014   Code   RO         4595    i.RTC_EnterConfigMode  stm32f10x_rtc.o
    0x080036e8   0x080036e8   0x00000014   Code   RO         4596    i.RTC_ExitConfigMode  stm32f10x_rtc.o
    0x080036fc   0x080036fc   0x00000100   Code   RO          883    i.RTC_Get           rtc.o
    0x080037fc   0x080037fc   0x00000014   Code   RO         4597    i.RTC_GetCounter    stm32f10x_rtc.o
    0x08003810   0x08003810   0x00000024   Code   RO         4600    i.RTC_GetITStatus   stm32f10x_rtc.o
    0x08003834   0x08003834   0x00000078   Code   RO          884    i.RTC_Get_Week      rtc.o
    0x080038ac   0x080038ac   0x00000088   Code   RO          885    i.RTC_IRQHandler    rtc.o
    0x08003934   0x08003934   0x00000020   Code   RO         4601    i.RTC_ITConfig      stm32f10x_rtc.o
    0x08003954   0x08003954   0x000000d4   Code   RO          886    i.RTC_Init          rtc.o
    0x08003a28   0x08003a28   0x00000020   Code   RO          887    i.RTC_NVIC_Config   rtc.o
    0x08003a48   0x08003a48   0x0000002c   Code   RO          888    i.RTC_SerAlarmSec   rtc.o
    0x08003a74   0x08003a74   0x000000c8   Code   RO          889    i.RTC_Set           rtc.o
    0x08003b3c   0x08003b3c   0x0000001c   Code   RO         4602    i.RTC_SetAlarm      stm32f10x_rtc.o
    0x08003b58   0x08003b58   0x0000001c   Code   RO         4603    i.RTC_SetCounter    stm32f10x_rtc.o
    0x08003b74   0x08003b74   0x00000020   Code   RO         4604    i.RTC_SetPrescaler  stm32f10x_rtc.o
    0x08003b94   0x08003b94   0x000000cc   Code   RO          890    i.RTC_TIME_Init     rtc.o
    0x08003c60   0x08003c60   0x000000ba   Code   RO          891    i.RTC_Timecorrect   rtc.o
    0x08003d1a   0x08003d1a   0x00000002   PAD
    0x08003d1c   0x08003d1c   0x00000014   Code   RO         4605    i.RTC_WaitForLastTask  stm32f10x_rtc.o
    0x08003d30   0x08003d30   0x00000024   Code   RO         4606    i.RTC_WaitForSynchro  stm32f10x_rtc.o
    0x08003d54   0x08003d54   0x000000ac   Code   RO         2174    i.SPI2_Config       spi_flash.o
    0x08003e00   0x08003e00   0x00000018   Code   RO         4898    i.SPI_Cmd           stm32f10x_spi.o
    0x08003e18   0x08003e18   0x0000003c   Code   RO         4911    i.SPI_Init          stm32f10x_spi.o
    0x08003e54   0x08003e54   0x00000002   Code   RO           10    i.SVC_Handler       stm32f10x_it.o
    0x08003e56   0x08003e56   0x00000002   PAD
    0x08003e58   0x08003e58   0x000000a8   Code   RO         2457    i.SYSTEM_Init       lcdshowtask.o
    0x08003f00   0x08003f00   0x00000028   Code   RO         1325    i.SendcmdtoServer   esp8266.o
    0x08003f28   0x08003f28   0x00000008   Code   RO          171    i.SetSysClock       system_stm32f10x.o
    0x08003f30   0x08003f30   0x000000e0   Code   RO          172    i.SetSysClockTo72   system_stm32f10x.o
    0x08004010   0x08004010   0x00000020   Code   RO         2458    i.Show_Interface1   lcdshowtask.o
    0x08004030   0x08004030   0x0000000c   Code   RO         2459    i.Show_Interface2   lcdshowtask.o
    0x0800403c   0x0800403c   0x0000000c   Code   RO         2460    i.Show_Interface3   lcdshowtask.o
    0x08004048   0x08004048   0x00000044   Code   RO          567    i.SysTick_Handler   delay.o
    0x0800408c   0x0800408c   0x00000060   Code   RO          174    i.SystemInit        system_stm32f10x.o
    0x080040ec   0x080040ec   0x000039dc   Code   RO         1097    i.TFTLCD_Init       bsp_lcd.o
    0x08007ac8   0x08007ac8   0x000000e0   Code   RO          989    i.USART1_Config     usart1.o
    0x08007ba8   0x08007ba8   0x00000094   Code   RO          990    i.USART1_IRQHandler  usart1.o
    0x08007c3c   0x08007c3c   0x00000020   Code   RO          992    i.USART1_SendData   usart1.o
    0x08007c5c   0x08007c5c   0x00000084   Code   RO         1326    i.USART3_IRQHandler  esp8266.o
    0x08007ce0   0x08007ce0   0x00000080   Code   RO         2329    i.USART4_Config     my1680.o
    0x08007d60   0x08007d60   0x00000020   Code   RO         2330    i.USART4_SendData   my1680.o
    0x08007d80   0x08007d80   0x0000001e   Code   RO         5610    i.USART_ClearITPendingBit  stm32f10x_usart.o
    0x08007d9e   0x08007d9e   0x00000018   Code   RO         5613    i.USART_Cmd         stm32f10x_usart.o
    0x08007db6   0x08007db6   0x0000001a   Code   RO         5616    i.USART_GetFlagStatus  stm32f10x_usart.o
    0x08007dd0   0x08007dd0   0x00000054   Code   RO         5617    i.USART_GetITStatus  stm32f10x_usart.o
    0x08007e24   0x08007e24   0x0000004a   Code   RO         5619    i.USART_ITConfig    stm32f10x_usart.o
    0x08007e6e   0x08007e6e   0x00000002   PAD
    0x08007e70   0x08007e70   0x000000d8   Code   RO         5620    i.USART_Init        stm32f10x_usart.o
    0x08007f48   0x08007f48   0x00000008   Code   RO         5630    i.USART_SendData    stm32f10x_usart.o
    0x08007f50   0x08007f50   0x00000004   Code   RO           11    i.UsageFault_Handler  stm32f10x_it.o
    0x08007f54   0x08007f54   0x00000022   Code   RO         1327    i.WIFI_SendArray    esp8266.o
    0x08007f76   0x08007f76   0x00000002   PAD
    0x08007f78   0x08007f78   0x00000020   Code   RO         1328    i.WIFI_SendData     esp8266.o
    0x08007f98   0x08007f98   0x00000016   Code   RO         1329    i.WIFI_SendStr      esp8266.o
    0x08007fae   0x08007fae   0x00000002   PAD
    0x08007fb0   0x08007fb0   0x0000006c   Code   RO         1330    i.WIFI_Sendcmd_Recack  esp8266.o
    0x0800801c   0x0800801c   0x0000011c   Code   RO         1331    i.WIFI_USART_Config  esp8266.o
    0x08008138   0x08008138   0x00000730   Code   RO         2461    i.Weathercode_to_CNWord  lcdshowtask.o
    0x08008868   0x08008868   0x00000020   Code   RO        16836    i.__0printf         mc_w.l(printfa.o)
    0x08008888   0x08008888   0x00000028   Code   RO        16838    i.__0sprintf        mc_w.l(printfa.o)
    0x080088b0   0x080088b0   0x00000008   Code   RO        16943    i.__aeabi_errno_addr  mc_w.l(errno.o)
    0x080088b8   0x080088b8   0x0000005c   Code   RO        16868    i.__free$realloc    mc_w.l(mallocr.o)
    0x08008914   0x08008914   0x00000050   Code   RO        16869    i.__malloc$realloc  mc_w.l(mallocr.o)
    0x08008964   0x08008964   0x0000000e   Code   RO        17024    i.__scatterload_copy  mc_w.l(handlers.o)
    0x08008972   0x08008972   0x00000002   Code   RO        17025    i.__scatterload_null  mc_w.l(handlers.o)
    0x08008974   0x08008974   0x0000000e   Code   RO        17026    i.__scatterload_zeroinit  mc_w.l(handlers.o)
    0x08008982   0x08008982   0x00000002   PAD
    0x08008984   0x08008984   0x00000184   Code   RO        16843    i._fp_digits        mc_w.l(printfa.o)
    0x08008b08   0x08008b08   0x0000000e   Code   RO        16958    i._is_digit         mc_w.l(scanf_fp.o)
    0x08008b16   0x08008b16   0x00000002   PAD
    0x08008b18   0x08008b18   0x000006dc   Code   RO        16844    i._printf_core      mc_w.l(printfa.o)
    0x080091f4   0x080091f4   0x00000024   Code   RO        16845    i._printf_post_padding  mc_w.l(printfa.o)
    0x08009218   0x08009218   0x0000002e   Code   RO        16846    i._printf_pre_padding  mc_w.l(printfa.o)
    0x08009246   0x08009246   0x0000000a   Code   RO        16848    i._sputc            mc_w.l(printfa.o)
    0x08009250   0x08009250   0x000000b4   Code   RO         8957    i.anim_ready_handler  lv_anim.o
    0x08009304   0x08009304   0x000000d0   Code   RO         8958    i.anim_task         lv_anim.o
    0x080093d4   0x080093d4   0x00000054   Code   RO         7687    i.antialias_get_opa_circ  lv_draw_rect.o
    0x08009428   0x08009428   0x00000048   Code   RO         1473    i.buffer_skip_whitespace  cjson.o
    0x08009470   0x08009470   0x00000058   Code   RO         1505    i.cJSON_Delete      cjson.o
    0x080094c8   0x080094c8   0x00000018   Code   RO         1514    i.cJSON_GetArrayItem  cjson.o
    0x080094e0   0x080094e0   0x00000012   Code   RO         1518    i.cJSON_GetObjectItem  cjson.o
    0x080094f2   0x080094f2   0x0000001c   Code   RO         1535    i.cJSON_New_Item    cjson.o
    0x0800950e   0x0800950e   0x00000010   Code   RO         1536    i.cJSON_Parse       cjson.o
    0x0800951e   0x0800951e   0x00000002   PAD
    0x08009520   0x08009520   0x000000d4   Code   RO         1538    i.cJSON_ParseWithLengthOpts  cjson.o
    0x080095f4   0x080095f4   0x00000028   Code   RO         1539    i.cJSON_ParseWithOpts  cjson.o
    0x0800961c   0x0800961c   0x00000048   Code   RO         1554    i.case_insensitive_strcmp  cjson.o
    0x08009664   0x08009664   0x00000174   Code   RO         2462    i.change_arrow      lcdshowtask.o
    0x080097d8   0x080097d8   0x00000084   Code   RO        16198    i.day1_weather_show  styleseetting1.o
    0x0800985c   0x0800985c   0x00000084   Code   RO        16199    i.day2_weather_show  styleseetting1.o
    0x080098e0   0x080098e0   0x00000084   Code   RO        16200    i.day3_weather_show  styleseetting1.o
    0x08009964   0x08009964   0x000000c8   Code   RO         6404    i.delete_children   lv_obj.o
    0x08009a2c   0x08009a2c   0x00000040   Code   RO        16532    i.disp_flush        lv_port_disp.o
    0x08009a6c   0x08009a6c   0x00000030   Code   RO         9422    i.ent_alloc         lv_mem.o
    0x08009a9c   0x08009a9c   0x00000030   Code   RO         9423    i.ent_get_next      lv_mem.o
    0x08009acc   0x08009acc   0x0000004c   Code   RO         9424    i.ent_trunc         lv_mem.o
    0x08009b18   0x08009b18   0x000000f6   Code   RO         5914    i.focus_next_core   lv_group.o
    0x08009c0e   0x08009c0e   0x00000010   Code   RO          994    i.fputc             usart1.o
    0x08009c1e   0x08009c1e   0x0000001e   Code   RO         1559    i.get_array_item    cjson.o
    0x08009c3c   0x08009c3c   0x00000004   Code   RO         1560    i.get_decimal_point  cjson.o
    0x08009c40   0x08009c40   0x0000019c   Code   RO         8068    i.get_glyph_dsc_id  lv_font_fmt_txt.o
    0x08009ddc   0x08009ddc   0x000000d8   Code   RO         8069    i.get_kern_value    lv_font_fmt_txt.o
    0x08009eb4   0x08009eb4   0x00000052   Code   RO         1561    i.get_object_item   cjson.o
    0x08009f06   0x08009f06   0x0000000a   Code   RO         2463    i.getdht_Task       lcdshowtask.o
    0x08009f10   0x08009f10   0x00000050   Code   RO         7585    i.hex_char_to_num   lv_draw_label.o
    0x08009f60   0x08009f60   0x00000078   Code   RO         2464    i.interface1_showWeather_Task  lcdshowtask.o
    0x08009fd8   0x08009fd8   0x000000a0   Code   RO         2465    i.interface_change  lcdshowtask.o
    0x0800a078   0x0800a078   0x00000050   Code   RO        16870    i.internal_alloc    mc_w.l(mallocr.o)
    0x0800a0c8   0x0800a0c8   0x00000020   Code   RO         8070    i.kern_pair_16_compare  lv_font_fmt_txt.o
    0x0800a0e8   0x0800a0e8   0x00000020   Code   RO         8071    i.kern_pair_8_compare  lv_font_fmt_txt.o
    0x0800a108   0x0800a108   0x000001b4   Code   RO         2466    i.key_Task          lcdshowtask.o
    0x0800a2bc   0x0800a2bc   0x000000dc   Code   RO         2628    i.light_resistance_adcConfig  adc.o
    0x0800a398   0x0800a398   0x0000002c   Code   RO         8959    i.lv_anim_core_init  lv_anim.o
    0x0800a3c4   0x0800a3c4   0x0000009c   Code   RO         8961    i.lv_anim_create    lv_anim.o
    0x0800a460   0x0800a460   0x00000058   Code   RO         8962    i.lv_anim_del       lv_anim.o
    0x0800a4b8   0x0800a4b8   0x00000034   Code   RO         8968    i.lv_anim_path_linear  lv_anim.o
    0x0800a4ec   0x0800a4ec   0x00000030   Code   RO         8971    i.lv_anim_speed_to_time  lv_anim.o
    0x0800a51c   0x0800a51c   0x0000000a   Code   RO         6405    i.lv_area_copy      lv_obj.o
    0x0800a526   0x0800a526   0x0000000a   Code   RO         7040    i.lv_area_copy      lv_refr.o
    0x0800a530   0x0800a530   0x0000000a   Code   RO         7688    i.lv_area_copy      lv_draw_rect.o
    0x0800a53a   0x0800a53a   0x0000000a   Code   RO        11147    i.lv_area_copy      lv_cont.o
    0x0800a544   0x0800a544   0x0000000e   Code   RO         7041    i.lv_area_get_height  lv_refr.o
    0x0800a552   0x0800a552   0x0000000e   Code   RO         7689    i.lv_area_get_height  lv_draw_rect.o
    0x0800a560   0x0800a560   0x0000000e   Code   RO        11846    i.lv_area_get_height  lv_label.o
    0x0800a56e   0x0800a56e   0x00000022   Code   RO         9113    i.lv_area_get_size  lv_area.o
    0x0800a590   0x0800a590   0x0000000e   Code   RO         7042    i.lv_area_get_width  lv_refr.o
    0x0800a59e   0x0800a59e   0x0000000e   Code   RO         7383    i.lv_area_get_width  lv_draw_basic.o
    0x0800a5ac   0x0800a5ac   0x0000000e   Code   RO         7493    i.lv_area_get_width  lv_draw_img.o
    0x0800a5ba   0x0800a5ba   0x0000000e   Code   RO         7586    i.lv_area_get_width  lv_draw_label.o
    0x0800a5c8   0x0800a5c8   0x0000000e   Code   RO         7690    i.lv_area_get_width  lv_draw_rect.o
    0x0800a5d6   0x0800a5d6   0x0000000e   Code   RO        11847    i.lv_area_get_width  lv_label.o
    0x0800a5e4   0x0800a5e4   0x00000082   Code   RO         9114    i.lv_area_intersect  lv_area.o
    0x0800a666   0x0800a666   0x0000003a   Code   RO         9115    i.lv_area_is_in     lv_area.o
    0x0800a6a0   0x0800a6a0   0x0000003a   Code   RO         9116    i.lv_area_is_on     lv_area.o
    0x0800a6da   0x0800a6da   0x00000064   Code   RO         9118    i.lv_area_join      lv_area.o
    0x0800a73e   0x0800a73e   0x0000000e   Code   RO         9119    i.lv_area_set       lv_area.o
    0x0800a74c   0x0800a74c   0x0000000c   Code   RO         9120    i.lv_area_set_height  lv_area.o
    0x0800a758   0x0800a758   0x00000016   Code   RO         9182    i.lv_circ_cont      lv_circ.o
    0x0800a76e   0x0800a76e   0x00000010   Code   RO         9183    i.lv_circ_init      lv_circ.o
    0x0800a77e   0x0800a77e   0x0000003c   Code   RO         9184    i.lv_circ_next      lv_circ.o
    0x0800a7ba   0x0800a7ba   0x00000030   Code   RO         7153    i.lv_color_make     lv_style.o
    0x0800a7ea   0x0800a7ea   0x0000007c   Code   RO         7384    i.lv_color_mix      lv_draw_basic.o
    0x0800a866   0x0800a866   0x0000007c   Code   RO         7691    i.lv_color_mix      lv_draw_rect.o
    0x0800a8e2   0x0800a8e2   0x00000002   PAD
    0x0800a8e4   0x0800a8e4   0x0000014c   Code   RO        11148    i.lv_cont_create    lv_cont.o
    0x0800aa30   0x0800aa30   0x00000014   Code   RO        11153    i.lv_cont_get_layout  lv_cont.o
    0x0800aa44   0x0800aa44   0x000000ec   Code   RO        11154    i.lv_cont_layout_center  lv_cont.o
    0x0800ab30   0x0800ab30   0x000000b6   Code   RO        11155    i.lv_cont_layout_col  lv_cont.o
    0x0800abe6   0x0800abe6   0x0000012e   Code   RO        11156    i.lv_cont_layout_grid  lv_cont.o
    0x0800ad14   0x0800ad14   0x00000244   Code   RO        11157    i.lv_cont_layout_pretty  lv_cont.o
    0x0800af58   0x0800af58   0x000000b4   Code   RO        11158    i.lv_cont_layout_row  lv_cont.o
    0x0800b00c   0x0800b00c   0x0000036e   Code   RO        11159    i.lv_cont_refr_autofit  lv_cont.o
    0x0800b37a   0x0800b37a   0x0000006a   Code   RO        11160    i.lv_cont_refr_layout  lv_cont.o
    0x0800b3e4   0x0800b3e4   0x00000030   Code   RO        11162    i.lv_cont_set_layout  lv_cont.o
    0x0800b414   0x0800b414   0x00000012   Code   RO        11163    i.lv_cont_set_style  lv_cont.o
    0x0800b426   0x0800b426   0x00000002   PAD
    0x0800b428   0x0800b428   0x000000c0   Code   RO        11164    i.lv_cont_signal    lv_cont.o
    0x0800b4e8   0x0800b4e8   0x00000022   Code   RO         8639    i.lv_disp_buf_init  lv_hal_disp.o
    0x0800b50a   0x0800b50a   0x00000002   PAD
    0x0800b50c   0x0800b50c   0x00000048   Code   RO         8640    i.lv_disp_drv_init  lv_hal_disp.o
    0x0800b554   0x0800b554   0x0000011c   Code   RO         8641    i.lv_disp_drv_register  lv_hal_disp.o
    0x0800b670   0x0800b670   0x0000000e   Code   RO         8643    i.lv_disp_flush_ready  lv_hal_disp.o
    0x0800b67e   0x0800b67e   0x0000001a   Code   RO         8644    i.lv_disp_get_antialiasing  lv_hal_disp.o
    0x0800b698   0x0800b698   0x00000006   Code   RO         8645    i.lv_disp_get_buf   lv_hal_disp.o
    0x0800b69e   0x0800b69e   0x00000002   PAD
    0x0800b6a0   0x0800b6a0   0x0000000c   Code   RO         8646    i.lv_disp_get_default  lv_hal_disp.o
    0x0800b6ac   0x0800b6ac   0x00000028   Code   RO         8647    i.lv_disp_get_hor_res  lv_hal_disp.o
    0x0800b6d4   0x0800b6d4   0x00000088   Code   RO         5800    i.lv_disp_get_layer_sys  lv_disp.o
    0x0800b75c   0x0800b75c   0x00000088   Code   RO         5801    i.lv_disp_get_layer_top  lv_disp.o
    0x0800b7e4   0x0800b7e4   0x00000084   Code   RO         5803    i.lv_disp_get_scr_act  lv_disp.o
    0x0800b868   0x0800b868   0x00000026   Code   RO         8650    i.lv_disp_get_ver_res  lv_hal_disp.o
    0x0800b88e   0x0800b88e   0x00000016   Code   RO         8651    i.lv_disp_is_double_buf  lv_hal_disp.o
    0x0800b8a4   0x0800b8a4   0x00000028   Code   RO         8652    i.lv_disp_is_true_double_buf  lv_hal_disp.o
    0x0800b8cc   0x0800b8cc   0x00000160   Code   RO         7043    i.lv_disp_refr_task  lv_refr.o
    0x0800ba2c   0x0800ba2c   0x00000034   Code   RO         7228    i.lv_draw_aa_get_opa  lv_draw.o
    0x0800ba60   0x0800ba60   0x00000044   Code   RO         7692    i.lv_draw_cont_radius_corr  lv_draw_rect.o
    0x0800baa4   0x0800baa4   0x0000009c   Code   RO         7385    i.lv_draw_fill      lv_draw_basic.o
    0x0800bb40   0x0800bb40   0x00000024   Code   RO         7231    i.lv_draw_free_buf  lv_draw.o
    0x0800bb64   0x0800bb64   0x000000ac   Code   RO         7232    i.lv_draw_get_buf   lv_draw.o
    0x0800bc10   0x0800bc10   0x0000010c   Code   RO         7494    i.lv_draw_img       lv_draw_img.o
    0x0800bd1c   0x0800bd1c   0x000004e0   Code   RO         7587    i.lv_draw_label     lv_draw_label.o
    0x0800c1fc   0x0800c1fc   0x000003c8   Code   RO         7386    i.lv_draw_letter    lv_draw_basic.o
    0x0800c5c4   0x0800c5c4   0x00000302   Code   RO         7387    i.lv_draw_map       lv_draw_basic.o
    0x0800c8c6   0x0800c8c6   0x000000d6   Code   RO         7388    i.lv_draw_px        lv_draw_basic.o
    0x0800c99c   0x0800c99c   0x00000090   Code   RO         7693    i.lv_draw_rect      lv_draw_rect.o
    0x0800ca2c   0x0800ca2c   0x000010b0   Code   RO         7694    i.lv_draw_rect_border_corner  lv_draw_rect.o
    0x0800dadc   0x0800dadc   0x00000472   Code   RO         7695    i.lv_draw_rect_border_straight  lv_draw_rect.o
    0x0800df4e   0x0800df4e   0x00000c28   Code   RO         7696    i.lv_draw_rect_main_corner  lv_draw_rect.o
    0x0800eb76   0x0800eb76   0x00000164   Code   RO         7697    i.lv_draw_rect_main_mid  lv_draw_rect.o
    0x0800ecda   0x0800ecda   0x000000ae   Code   RO         7698    i.lv_draw_shadow    lv_draw_rect.o
    0x0800ed88   0x0800ed88   0x00000272   Code   RO         7699    i.lv_draw_shadow_bottom  lv_draw_rect.o
    0x0800effa   0x0800effa   0x000003e6   Code   RO         7700    i.lv_draw_shadow_full  lv_draw_rect.o
    0x0800f3e0   0x0800f3e0   0x000001b2   Code   RO         7701    i.lv_draw_shadow_full_straight  lv_draw_rect.o
    0x0800f592   0x0800f592   0x00000002   PAD
    0x0800f594   0x0800f594   0x00000020   Code   RO         6407    i.lv_event_mark_deleted  lv_obj.o
    0x0800f5b4   0x0800f5b4   0x00000024   Code   RO         6408    i.lv_event_send     lv_obj.o
    0x0800f5d8   0x0800f5d8   0x0000009c   Code   RO         6409    i.lv_event_send_func  lv_obj.o
    0x0800f674   0x0800f674   0x00000034   Code   RO         8072    i.lv_font_get_bitmap_fmt_txt  lv_font_fmt_txt.o
    0x0800f6a8   0x0800f6a8   0x00000010   Code   RO         8025    i.lv_font_get_glyph_bitmap  lv_font.o
    0x0800f6b8   0x0800f6b8   0x0000001e   Code   RO         8026    i.lv_font_get_glyph_dsc  lv_font.o
    0x0800f6d6   0x0800f6d6   0x00000084   Code   RO         8073    i.lv_font_get_glyph_dsc_fmt_txt  lv_font_fmt_txt.o
    0x0800f75a   0x0800f75a   0x00000026   Code   RO         8027    i.lv_font_get_glyph_width  lv_font.o
    0x0800f780   0x0800f780   0x00000006   Code   RO        11848    i.lv_font_get_line_height  lv_label.o
    0x0800f786   0x0800f786   0x00000002   PAD
    0x0800f788   0x0800f788   0x000000b4   Code   RO         5916    i.lv_group_add_obj  lv_group.o
    0x0800f83c   0x0800f83c   0x00000018   Code   RO         5920    i.lv_group_focus_next  lv_group.o
    0x0800f854   0x0800f854   0x00000018   Code   RO         5922    i.lv_group_focus_prev  lv_group.o
    0x0800f86c   0x0800f86c   0x00000016   Code   RO         5926    i.lv_group_get_focused  lv_group.o
    0x0800f882   0x0800f882   0x00000002   PAD
    0x0800f884   0x0800f884   0x00000010   Code   RO         5931    i.lv_group_init     lv_group.o
    0x0800f894   0x0800f894   0x0000003e   Code   RO         5932    i.lv_group_mod_style  lv_group.o
    0x0800f8d2   0x0800f8d2   0x00000046   Code   RO         5933    i.lv_group_refocus  lv_group.o
    0x0800f918   0x0800f918   0x00000088   Code   RO         5935    i.lv_group_remove_obj  lv_group.o
    0x0800f9a0   0x0800f9a0   0x00000068   Code   RO         7830    i.lv_img_cache_invalidate_src  lv_img_cache.o
    0x0800fa08   0x0800fa08   0x000001cc   Code   RO         7831    i.lv_img_cache_open  lv_img_cache.o
    0x0800fbd4   0x0800fbd4   0x000000d0   Code   RO         7832    i.lv_img_cache_set_size  lv_img_cache.o
    0x0800fca4   0x0800fca4   0x0000004c   Code   RO         7500    i.lv_img_color_format_get_px_size  lv_draw_img.o
    0x0800fcf0   0x0800fcf0   0x00000038   Code   RO         7501    i.lv_img_color_format_has_alpha  lv_draw_img.o
    0x0800fd28   0x0800fd28   0x0000002c   Code   RO         7502    i.lv_img_color_format_is_chroma_keyed  lv_draw_img.o
    0x0800fd54   0x0800fd54   0x00000150   Code   RO        11604    i.lv_img_create     lv_img.o
    0x0800fea4   0x0800fea4   0x00000020   Code   RO         7875    i.lv_img_decoder_built_in_close  lv_img_decoder.o
    0x0800fec4   0x0800fec4   0x000000d0   Code   RO         7876    i.lv_img_decoder_built_in_info  lv_img_decoder.o
    0x0800ff94   0x0800ff94   0x00000208   Code   RO         7877    i.lv_img_decoder_built_in_line_alpha  lv_img_decoder.o
    0x0801019c   0x0801019c   0x000001a4   Code   RO         7878    i.lv_img_decoder_built_in_line_indexed  lv_img_decoder.o
    0x08010340   0x08010340   0x00000058   Code   RO         7879    i.lv_img_decoder_built_in_line_true_color  lv_img_decoder.o
    0x08010398   0x08010398   0x00000224   Code   RO         7880    i.lv_img_decoder_built_in_open  lv_img_decoder.o
    0x080105bc   0x080105bc   0x00000144   Code   RO         7881    i.lv_img_decoder_built_in_read_line  lv_img_decoder.o
    0x08010700   0x08010700   0x00000014   Code   RO         7882    i.lv_img_decoder_close  lv_img_decoder.o
    0x08010714   0x08010714   0x00000074   Code   RO         7883    i.lv_img_decoder_create  lv_img_decoder.o
    0x08010788   0x08010788   0x00000050   Code   RO         7885    i.lv_img_decoder_get_info  lv_img_decoder.o
    0x080107d8   0x080107d8   0x000000d0   Code   RO         7886    i.lv_img_decoder_init  lv_img_decoder.o
    0x080108a8   0x080108a8   0x00000084   Code   RO         7887    i.lv_img_decoder_open  lv_img_decoder.o
    0x0801092c   0x0801092c   0x00000034   Code   RO         7888    i.lv_img_decoder_read_line  lv_img_decoder.o
    0x08010960   0x08010960   0x00000004   Code   RO         7889    i.lv_img_decoder_set_close_cb  lv_img_decoder.o
    0x08010964   0x08010964   0x00000004   Code   RO         7890    i.lv_img_decoder_set_info_cb  lv_img_decoder.o
    0x08010968   0x08010968   0x00000004   Code   RO         7891    i.lv_img_decoder_set_open_cb  lv_img_decoder.o
    0x0801096c   0x0801096c   0x00000004   Code   RO         7892    i.lv_img_decoder_set_read_line_cb  lv_img_decoder.o
    0x08010970   0x08010970   0x00000200   Code   RO        11605    i.lv_img_design     lv_img.o
    0x08010b70   0x08010b70   0x00000200   Code   RO         7503    i.lv_img_draw_core  lv_draw_img.o
    0x08010d70   0x08010d70   0x00000014   Code   RO        11606    i.lv_img_get_auto_size  lv_img.o
    0x08010d84   0x08010d84   0x00000200   Code   RO        11614    i.lv_img_set_src    lv_img.o
    0x08010f84   0x08010f84   0x000000a4   Code   RO        11615    i.lv_img_signal     lv_img.o
    0x08011028   0x08011028   0x00000094   Code   RO         7504    i.lv_img_src_get_type  lv_draw_img.o
    0x080110bc   0x080110bc   0x0000000c   Code   RO         6223    i.lv_indev_get_act  lv_indev.o
    0x080110c8   0x080110c8   0x0000001c   Code   RO         8825    i.lv_indev_get_next  lv_hal_indev.o
    0x080110e4   0x080110e4   0x0000000c   Code   RO         6225    i.lv_indev_get_obj_act  lv_indev.o
    0x080110f0   0x080110f0   0x0000000a   Code   RO         6230    i.lv_indev_init     lv_indev.o
    0x080110fa   0x080110fa   0x0000003e   Code   RO         6233    i.lv_indev_reset    lv_indev.o
    0x08011138   0x08011138   0x000000a4   Code   RO         6410    i.lv_init           lv_obj.o
    0x080111dc   0x080111dc   0x00000248   Code   RO        16201    i.lv_interface1_show_picture  styleseetting1.o
    0x08011424   0x08011424   0x000000f8   Code   RO        16202    i.lv_interface1_show_text  styleseetting1.o
    0x0801151c   0x0801151c   0x000000f4   Code   RO        16203    i.lv_interface1_show_time  styleseetting1.o
    0x08011610   0x08011610   0x000000a4   Code   RO        16204    i.lv_interface1_show_weather  styleseetting1.o
    0x080116b4   0x080116b4   0x00000184   Code   RO        16205    i.lv_interface2_show_picture  styleseetting1.o
    0x08011838   0x08011838   0x00000320   Code   RO        16206    i.lv_interface2_show_text  styleseetting1.o
    0x08011b58   0x08011b58   0x0000011c   Code   RO        16207    i.lv_interface3_show_picture  styleseetting1.o
    0x08011c74   0x08011c74   0x00000394   Code   RO        16208    i.lv_interface3_show_text  styleseetting1.o
    0x08012008   0x08012008   0x000000e4   Code   RO         7044    i.lv_inv_area       lv_refr.o
    0x080120ec   0x080120ec   0x0000023c   Code   RO        11849    i.lv_label_create   lv_label.o
    0x08012328   0x08012328   0x0000027a   Code   RO        11851    i.lv_label_design   lv_label.o
    0x080125a2   0x080125a2   0x0000002c   Code   RO        11852    i.lv_label_dot_tmp_free  lv_label.o
    0x080125ce   0x080125ce   0x00000014   Code   RO        11853    i.lv_label_get_align  lv_label.o
    0x080125e2   0x080125e2   0x00000014   Code   RO        11855    i.lv_label_get_body_draw  lv_label.o
    0x080125f6   0x080125f6   0x0000001c   Code   RO        11856    i.lv_label_get_dot_tmp  lv_label.o
    0x08012612   0x08012612   0x00000002   PAD
    0x08012614   0x08012614   0x0000018c   Code   RO        11857    i.lv_label_get_letter_on  lv_label.o
    0x080127a0   0x080127a0   0x00000014   Code   RO        11859    i.lv_label_get_long_mode  lv_label.o
    0x080127b4   0x080127b4   0x00000014   Code   RO        11860    i.lv_label_get_recolor  lv_label.o
    0x080127c8   0x080127c8   0x00000010   Code   RO        11861    i.lv_label_get_text  lv_label.o
    0x080127d8   0x080127d8   0x00000008   Code   RO        11862    i.lv_label_get_text_sel_end  lv_label.o
    0x080127e0   0x080127e0   0x00000008   Code   RO        11863    i.lv_label_get_text_sel_start  lv_label.o
    0x080127e8   0x080127e8   0x000003f4   Code   RO        11866    i.lv_label_refr_text  lv_label.o
    0x08012bdc   0x08012bdc   0x00000078   Code   RO        11867    i.lv_label_revert_dots  lv_label.o
    0x08012c54   0x08012c54   0x0000002c   Code   RO        11868    i.lv_label_set_align  lv_label.o
    0x08012c80   0x08012c80   0x00000032   Code   RO        11871    i.lv_label_set_body_draw  lv_label.o
    0x08012cb2   0x08012cb2   0x00000002   PAD
    0x08012cb4   0x08012cb4   0x000000c8   Code   RO        11872    i.lv_label_set_dot_tmp  lv_label.o
    0x08012d7c   0x08012d7c   0x00000090   Code   RO        11873    i.lv_label_set_long_mode  lv_label.o
    0x08012e0c   0x08012e0c   0x00000018   Code   RO        11874    i.lv_label_set_offset_x  lv_label.o
    0x08012e24   0x08012e24   0x00000018   Code   RO        11875    i.lv_label_set_offset_y  lv_label.o
    0x08012e3c   0x08012e3c   0x0000002c   Code   RO        11876    i.lv_label_set_recolor  lv_label.o
    0x08012e68   0x08012e68   0x0000003a   Code   RO        11877    i.lv_label_set_static_text  lv_label.o
    0x08012ea2   0x08012ea2   0x00000012   Code   RO        16210    i.lv_label_set_style  styleseetting1.o
    0x08012eb4   0x08012eb4   0x000000f0   Code   RO        11878    i.lv_label_set_text  lv_label.o
    0x08012fa4   0x08012fa4   0x00000148   Code   RO        11881    i.lv_label_signal   lv_label.o
    0x080130ec   0x080130ec   0x00000070   Code   RO         9273    i.lv_ll_chg_list    lv_ll.o
    0x0801315c   0x0801315c   0x0000000a   Code   RO         9275    i.lv_ll_get_head    lv_ll.o
    0x08013166   0x08013166   0x00000016   Code   RO         9277    i.lv_ll_get_next    lv_ll.o
    0x0801317c   0x0801317c   0x00000014   Code   RO         9278    i.lv_ll_get_prev    lv_ll.o
    0x08013190   0x08013190   0x0000000a   Code   RO         9279    i.lv_ll_get_tail    lv_ll.o
    0x0801319a   0x0801319a   0x00000016   Code   RO         9280    i.lv_ll_init        lv_ll.o
    0x080131b0   0x080131b0   0x00000040   Code   RO         9281    i.lv_ll_ins_head    lv_ll.o
    0x080131f0   0x080131f0   0x00000072   Code   RO         9282    i.lv_ll_ins_prev    lv_ll.o
    0x08013262   0x08013262   0x00000046   Code   RO         9283    i.lv_ll_ins_tail    lv_ll.o
    0x080132a8   0x080132a8   0x00000018   Code   RO         9284    i.lv_ll_is_empty    lv_ll.o
    0x080132c0   0x080132c0   0x0000006a   Code   RO         9285    i.lv_ll_move_before  lv_ll.o
    0x0801332a   0x0801332a   0x0000008a   Code   RO         9286    i.lv_ll_rem         lv_ll.o
    0x080133b4   0x080133b4   0x00000038   Code   RO         9379    i.lv_log_add        lv_log.o
    0x080133ec   0x080133ec   0x0000009c   Code   RO         9425    i.lv_mem_alloc      lv_mem.o
    0x08013488   0x08013488   0x00000074   Code   RO         9427    i.lv_mem_free       lv_mem.o
    0x080134fc   0x080134fc   0x00000020   Code   RO         9428    i.lv_mem_get_size   lv_mem.o
    0x0801351c   0x0801351c   0x00000028   Code   RO         9429    i.lv_mem_init       lv_mem.o
    0x08013544   0x08013544   0x000000c0   Code   RO         9431    i.lv_mem_realloc    lv_mem.o
    0x08013604   0x08013604   0x000003b2   Code   RO         6411    i.lv_obj_align      lv_obj.o
    0x080139b6   0x080139b6   0x000002f8   Code   RO         6412    i.lv_obj_align_origo  lv_obj.o
    0x08013cae   0x08013cae   0x00000014   Code   RO         6413    i.lv_obj_allocate_ext_attr  lv_obj.o
    0x08013cc2   0x08013cc2   0x00000010   Code   RO         6415    i.lv_obj_clear_protect  lv_obj.o
    0x08013cd2   0x08013cd2   0x00000002   PAD
    0x08013cd4   0x08013cd4   0x00000360   Code   RO         6418    i.lv_obj_create     lv_obj.o
    0x08014034   0x08014034   0x000000f0   Code   RO         6419    i.lv_obj_del        lv_obj.o
    0x08014124   0x08014124   0x000000c6   Code   RO         6420    i.lv_obj_design     lv_obj.o
    0x080141ea   0x080141ea   0x0000000c   Code   RO         6421    i.lv_obj_get_auto_realign  lv_obj.o
    0x080141f6   0x080141f6   0x00000022   Code   RO         6422    i.lv_obj_get_child  lv_obj.o
    0x08014218   0x08014218   0x00000012   Code   RO         6425    i.lv_obj_get_coords  lv_obj.o
    0x0801422a   0x0801422a   0x00000002   PAD
    0x0801422c   0x0801422c   0x000000b8   Code   RO         6427    i.lv_obj_get_disp   lv_obj.o
    0x080142e4   0x080142e4   0x00000006   Code   RO         6433    i.lv_obj_get_ext_attr  lv_obj.o
    0x080142ea   0x080142ea   0x00000006   Code   RO         6439    i.lv_obj_get_group  lv_obj.o
    0x080142f0   0x080142f0   0x00000010   Code   RO         6440    i.lv_obj_get_height  lv_obj.o
    0x08014300   0x08014300   0x0000000c   Code   RO         6442    i.lv_obj_get_hidden  lv_obj.o
    0x0801430c   0x0801430c   0x00000028   Code   RO         6444    i.lv_obj_get_opa_scale  lv_obj.o
    0x08014334   0x08014334   0x00000006   Code   RO         6446    i.lv_obj_get_parent  lv_obj.o
    0x0801433a   0x0801433a   0x0000001a   Code   RO         6449    i.lv_obj_get_screen  lv_obj.o
    0x08014354   0x08014354   0x00000006   Code   RO         6450    i.lv_obj_get_signal_cb  lv_obj.o
    0x0801435a   0x0801435a   0x00000002   PAD
    0x0801435c   0x0801435c   0x00000070   Code   RO         6451    i.lv_obj_get_style  lv_obj.o
    0x080143cc   0x080143cc   0x00000010   Code   RO         6456    i.lv_obj_get_width  lv_obj.o
    0x080143dc   0x080143dc   0x00000018   Code   RO         6458    i.lv_obj_get_x      lv_obj.o
    0x080143f4   0x080143f4   0x00000018   Code   RO         6459    i.lv_obj_get_y      lv_obj.o
    0x0801440c   0x0801440c   0x000000ce   Code   RO         6460    i.lv_obj_invalidate  lv_obj.o
    0x080144da   0x080144da   0x0000001a   Code   RO         6461    i.lv_obj_is_focused  lv_obj.o
    0x080144f4   0x080144f4   0x00000012   Code   RO         6462    i.lv_obj_is_protected  lv_obj.o
    0x08014506   0x08014506   0x0000003e   Code   RO         6464    i.lv_obj_move_foreground  lv_obj.o
    0x08014544   0x08014544   0x0000003e   Code   RO         6465    i.lv_obj_realign    lv_obj.o
    0x08014582   0x08014582   0x0000001a   Code   RO         6466    i.lv_obj_refresh_ext_draw_pad  lv_obj.o
    0x0801459c   0x0801459c   0x0000001c   Code   RO         6467    i.lv_obj_refresh_style  lv_obj.o
    0x080145b8   0x080145b8   0x00000012   Code   RO         6470    i.lv_obj_set_click  lv_obj.o
    0x080145ca   0x080145ca   0x00000004   Code   RO         6471    i.lv_obj_set_design_cb  lv_obj.o
    0x080145ce   0x080145ce   0x0000001a   Code   RO         6478    i.lv_obj_set_height  lv_obj.o
    0x080145e8   0x080145e8   0x000000a2   Code   RO         6484    i.lv_obj_set_pos    lv_obj.o
    0x0801468a   0x0801468a   0x0000000c   Code   RO         6485    i.lv_obj_set_protect  lv_obj.o
    0x08014696   0x08014696   0x00000004   Code   RO         6486    i.lv_obj_set_signal_cb  lv_obj.o
    0x0801469a   0x0801469a   0x0000009e   Code   RO         6487    i.lv_obj_set_size   lv_obj.o
    0x08014738   0x08014738   0x00000016   Code   RO         6488    i.lv_obj_set_style  lv_obj.o
    0x0801474e   0x0801474e   0x0000001a   Code   RO         6492    i.lv_obj_set_x      lv_obj.o
    0x08014768   0x08014768   0x0000001a   Code   RO         6493    i.lv_obj_set_y      lv_obj.o
    0x08014782   0x08014782   0x00000002   PAD
    0x08014784   0x08014784   0x00000068   Code   RO         6494    i.lv_obj_signal     lv_obj.o
    0x080147ec   0x080147ec   0x00000044   Code   RO        16534    i.lv_port_disp_init  lv_port_disp.o
    0x08014830   0x08014830   0x00000194   Code   RO         7045    i.lv_refr_area      lv_refr.o
    0x080149c4   0x080149c4   0x00000084   Code   RO         7046    i.lv_refr_area_part  lv_refr.o
    0x08014a48   0x08014a48   0x00000064   Code   RO         7047    i.lv_refr_areas     lv_refr.o
    0x08014aac   0x08014aac   0x0000000c   Code   RO         7048    i.lv_refr_get_disp_refreshing  lv_refr.o
    0x08014ab8   0x08014ab8   0x0000007e   Code   RO         7049    i.lv_refr_get_top_obj  lv_refr.o
    0x08014b36   0x08014b36   0x00000002   Code   RO         7050    i.lv_refr_init      lv_refr.o
    0x08014b38   0x08014b38   0x000000dc   Code   RO         7051    i.lv_refr_join_area  lv_refr.o
    0x08014c14   0x08014c14   0x00000100   Code   RO         7053    i.lv_refr_obj       lv_refr.o
    0x08014d14   0x08014d14   0x0000006c   Code   RO         7054    i.lv_refr_obj_and_children  lv_refr.o
    0x08014d80   0x08014d80   0x00000064   Code   RO         7056    i.lv_refr_vdb_flush  lv_refr.o
    0x08014de4   0x08014de4   0x0000000e   Code   RO        16211    i.lv_scr_act        styleseetting1.o
    0x08014df2   0x08014df2   0x00000002   PAD
    0x08014df4   0x08014df4   0x000000a4   Code   RO        16212    i.lv_show_LP        styleseetting1.o
    0x08014e98   0x08014e98   0x0000007c   Code   RO        16213    i.lv_show_dht11     styleseetting1.o
    0x08014f14   0x08014f14   0x00000012   Code   RO         7157    i.lv_style_copy     lv_style.o
    0x08014f26   0x08014f26   0x00000002   PAD
    0x08014f28   0x08014f28   0x00000558   Code   RO         7158    i.lv_style_init     lv_style.o
    0x08015480   0x08015480   0x00000018   Code   RO         9488    i.lv_task_core_init  lv_task.o
    0x08015498   0x08015498   0x00000084   Code   RO         9489    i.lv_task_create    lv_task.o
    0x0801551c   0x0801551c   0x00000104   Code   RO         9490    i.lv_task_create_basic  lv_task.o
    0x08015620   0x08015620   0x00000030   Code   RO         9491    i.lv_task_del       lv_task.o
    0x08015650   0x08015650   0x0000000c   Code   RO         9492    i.lv_task_enable    lv_task.o
    0x0801565c   0x0801565c   0x00000050   Code   RO         9493    i.lv_task_exec      lv_task.o
    0x080156ac   0x080156ac   0x00000174   Code   RO         9495    i.lv_task_handler   lv_task.o
    0x08015820   0x08015820   0x00000012   Code   RO         9497    i.lv_task_ready     lv_task.o
    0x08015832   0x08015832   0x00000004   Code   RO         9499    i.lv_task_set_cb    lv_task.o
    0x08015836   0x08015836   0x00000004   Code   RO         9500    i.lv_task_set_period  lv_task.o
    0x0801583a   0x0801583a   0x00000002   PAD
    0x0801583c   0x0801583c   0x00000064   Code   RO         9501    i.lv_task_set_prio  lv_task.o
    0x080158a0   0x080158a0   0x00000018   Code   RO        14466    i.lv_theme_get_current  lv_theme.o
    0x080158b8   0x080158b8   0x0000001a   Code   RO         8925    i.lv_tick_elaps     lv_hal_tick.o
    0x080158d2   0x080158d2   0x00000002   PAD
    0x080158d4   0x080158d4   0x00000020   Code   RO         8926    i.lv_tick_get       lv_hal_tick.o
    0x080158f4   0x080158f4   0x0000001c   Code   RO         8927    i.lv_tick_inc       lv_hal_tick.o
    0x08015910   0x08015910   0x00000120   Code   RO         9589    i.lv_txt_get_next_line  lv_txt.o
    0x08015a30   0x08015a30   0x000000cc   Code   RO         9590    i.lv_txt_get_size   lv_txt.o
    0x08015afc   0x08015afc   0x00000090   Code   RO         9591    i.lv_txt_get_width  lv_txt.o
    0x08015b8c   0x08015b8c   0x00000048   Code   RO         9593    i.lv_txt_is_cmd     lv_txt.o
    0x08015bd4   0x08015bd4   0x000000a4   Code   RO         9594    i.lv_txt_unicode_to_utf8  lv_txt.o
    0x08015c78   0x08015c78   0x0000003e   Code   RO         9595    i.lv_txt_utf8_conv_wc  lv_txt.o
    0x08015cb6   0x08015cb6   0x00000002   PAD
    0x08015cb8   0x08015cb8   0x00000028   Code   RO         9596    i.lv_txt_utf8_get_byte_id  lv_txt.o
    0x08015ce0   0x08015ce0   0x00000028   Code   RO         9597    i.lv_txt_utf8_get_char_id  lv_txt.o
    0x08015d08   0x08015d08   0x00000028   Code   RO         9598    i.lv_txt_utf8_get_length  lv_txt.o
    0x08015d30   0x08015d30   0x00000148   Code   RO         9599    i.lv_txt_utf8_next  lv_txt.o
    0x08015e78   0x08015e78   0x00000060   Code   RO         9600    i.lv_txt_utf8_prev  lv_txt.o
    0x08015ed8   0x08015ed8   0x0000003c   Code   RO         9601    i.lv_txt_utf8_size  lv_txt.o
    0x08015f14   0x08015f14   0x00000054   Code   RO         9683    i.lv_utils_bsearch  lv_utils.o
    0x08015f68   0x08015f68   0x0000005c   Code   RO          217    i.main              main.o
    0x08015fc4   0x08015fc4   0x00000030   Code   RO         9288    i.node_set_next     lv_ll.o
    0x08015ff4   0x08015ff4   0x0000002c   Code   RO         9289    i.node_set_prev     lv_ll.o
    0x08016020   0x08016020   0x0000002c   Code   RO         5945    i.obj_to_foreground  lv_group.o
    0x0801604c   0x0801604c   0x000000f8   Code   RO         1563    i.parse_array       cjson.o
    0x08016144   0x08016144   0x0000005a   Code   RO         1564    i.parse_hex4        cjson.o
    0x0801619e   0x0801619e   0x00000002   PAD
    0x080161a0   0x080161a0   0x00000138   Code   RO         1565    i.parse_number      cjson.o
    0x080162d8   0x080162d8   0x0000013e   Code   RO         1566    i.parse_object      cjson.o
    0x08016416   0x08016416   0x0000018c   Code   RO         1567    i.parse_string      cjson.o
    0x080165a2   0x080165a2   0x00000002   PAD
    0x080165a4   0x080165a4   0x0000013c   Code   RO         1568    i.parse_value       cjson.o
    0x080166e0   0x080166e0   0x000001a8   Code   RO         2467    i.play_XCity_xDay_weather  lcdshowtask.o
    0x08016888   0x08016888   0x00000098   Code   RO         2331    i.play_twodigits    my1680.o
    0x08016920   0x08016920   0x0000001c   Code   RO         2332    i.playinttime       my1680.o
    0x0801693c   0x0801693c   0x00000138   Code   RO         2333    i.playtime          my1680.o
    0x08016a74   0x08016a74   0x0000006c   Code   RO        16871    i.realloc           mc_w.l(mallocr.o)
    0x08016ae0   0x08016ae0   0x00000050   Code   RO         6496    i.refresh_children_position  lv_obj.o
    0x08016b30   0x08016b30   0x00000042   Code   RO         6497    i.refresh_children_style  lv_obj.o
    0x08016b72   0x08016b72   0x00000002   PAD
    0x08016b74   0x08016b74   0x0000005c   Code   RO         2468    i.refresh_weather   lcdshowtask.o
    0x08016bd0   0x08016bd0   0x00000018   Code   RO         2178    i.sFLASH_Init       spi_flash.o
    0x08016be8   0x08016be8   0x00000104   Code   RO         2469    i.showLP_Task       lcdshowtask.o
    0x08016cec   0x08016cec   0x00000084   Code   RO         2470    i.show_Initwords    lcdshowtask.o
    0x08016d70   0x08016d70   0x00000064   Code   RO         2472    i.showdht_Task      lcdshowtask.o
    0x08016dd4   0x08016dd4   0x000000b0   Code   RO         2473    i.showtime_Task     lcdshowtask.o
    0x08016e84   0x08016e84   0x0000003c   Code   RO         1579    i.skip_utf8_bom     cjson.o
    0x08016ec0   0x08016ec0   0x0000001c   Code   RO        16573    i.strtod            m_ws.l(strtod.o)
    0x08016edc   0x08016edc   0x00000148   Code   RO         7389    i.sw_color_fill     lv_draw_basic.o
    0x08017024   0x08017024   0x00000050   Code   RO         7390    i.sw_mem_blend      lv_draw_basic.o
    0x08017074   0x08017074   0x0000000a   Code   RO         8074    i.unicode_list_compare  lv_font_fmt_txt.o
    0x0801707e   0x0801707e   0x0000012c   Code   RO         1582    i.utf16_literal_to_utf8  cjson.o
    0x080171aa   0x080171aa   0x00000018   Data   RO          893    .constdata          rtc.o
    0x080171c2   0x080171c2   0x00000002   PAD
    0x080171c4   0x080171c4   0x00000016   Data   RO         7163    .constdata          lv_style.o
    0x080171da   0x080171da   0x00000024   Data   RO         7233    .constdata          lv_draw.o
    0x080171fe   0x080171fe   0x00000011   Data   RO         7702    .constdata          lv_draw_rect.o
    0x0801720f   0x0801720f   0x00000001   PAD
    0x08017210   0x08017210   0x000023bc   Data   RO         8246    .constdata          lv_font_roboto_16.o
    0x080195cc   0x080195cc   0x00000002   Data   RO         8656    .constdata          lv_hal_disp.o
    0x080195ce   0x080195ce   0x00000002   PAD
    0x080195d0   0x080195d0   0x00006898   Data   RO        16140    .constdata          font1.o
    0x0801fe68   0x0801fe68   0x0000020c   Data   RO        16168    .constdata          wifi.o
    0x08020074   0x08020074   0x00000714   Data   RO        16177    .constdata          location.o
    0x08020788   0x08020788   0x0002580c   Data   RO        16186    .constdata          yunduan.o
    0x08045f94   0x08045f94   0x00000026   Data   RO        16215    .constdata          styleseetting1.o
    0x08045fba   0x08045fba   0x00000002   PAD
    0x08045fbc   0x08045fbc   0x00001394   Data   RO        16330    .constdata          qing.o
    0x08047350   0x08047350   0x00000714   Data   RO        16348    .constdata          shangxiafanjiantou.o
    0x08047a64   0x08047a64   0x00000714   Data   RO        16357    .constdata          wenduji.o
    0x08048178   0x08048178   0x00000714   Data   RO        16366    .constdata          shiduji.o
    0x0804888c   0x0804888c   0x00000714   Data   RO        16375    .constdata          guangzhaoqiangdu.o
    0x08048fa0   0x08048fa0   0x00000714   Data   RO        16384    .constdata          kongqizhiliang.o
    0x080496b4   0x080496b4   0x0000020c   Data   RO        16393    .constdata          dianchi.o
    0x080498c0   0x080498c0   0x00005ccc   Data   RO        16402    .constdata          xiaotu1.o
    0x0804f58c   0x0804f58c   0x0000c6cc   Data   RO        16411    .constdata          xiaotu2.o
    0x0805bc58   0x0805bc58   0x0000c6cc   Data   RO        16420    .constdata          xiaotu3.o
    0x08068324   0x08068324   0x00001c2c   Data   RO        16429    .constdata          yin.o
    0x08069f50   0x08069f50   0x00001c2c   Data   RO        16438    .constdata          zhenyu.o
    0x0806bb7c   0x0806bb7c   0x00001c2c   Data   RO        16447    .constdata          zhongyu.o
    0x0806d7a8   0x0806d7a8   0x00001c2c   Data   RO        16456    .constdata          dayu.o
    0x0806f3d4   0x0806f3d4   0x00001c2c   Data   RO        16465    .constdata          duoyun.o
    0x08071000   0x08071000   0x00001c2c   Data   RO        16474    .constdata          leizhenyu.o
    0x08072c2c   0x08072c2c   0x00001c2c   Data   RO        16483    .constdata          xiaoyu.o
    0x08074858   0x08074858   0x0000032c   Data   RO        16510    .constdata          zuojiantou.o
    0x08074b84   0x08074b84   0x000040bc   Data   RO        16519    .constdata          font3.o
    0x08078c40   0x08078c40   0x00000081   Data   RO        16980    .constdata          mc_w.l(ctype_o.o)
    0x08078cc1   0x08078cc1   0x00000003   PAD
    0x08078cc4   0x08078cc4   0x00000004   Data   RO        16981    .constdata          mc_w.l(ctype_o.o)
    0x08078cc8   0x08078cc8   0x00000074   Data   RO          894    .conststring        rtc.o
    0x08078d3c   0x08078d3c   0x000000c6   Data   RO         1333    .conststring        esp8266.o
    0x08078e02   0x08078e02   0x00000002   PAD
    0x08078e04   0x08078e04   0x00000050   Data   RO         6499    .conststring        lv_obj.o
    0x08078e54   0x08078e54   0x00000050   Data   RO         7057    .conststring        lv_refr.o
    0x08078ea4   0x08078ea4   0x00000136   Data   RO         7893    .conststring        lv_img_decoder.o
    0x08078fda   0x08078fda   0x00000002   PAD
    0x08078fdc   0x08078fdc   0x00000020   Data   RO        17022    Region$$Table       anon$$obj.o


    Execution Region RW_IRAM1 (Exec base: 0x20000000, Load base: 0x08078ffc, Size: 0x0000eff8, Max: 0x00010000, ABSOLUTE, COMPRESSED[0x000006bc])

    Exec Addr    Load Addr    Size         Type   Attr      Idx    E Section Name        Object

    0x20000000   COMPRESSED   0x00000014   Data   RW          175    .data               system_stm32f10x.o
    0x20000014   COMPRESSED   0x00000010   Data   RW          568    .data               delay.o
    0x20000024   COMPRESSED   0x0000000a   Data   RW          895    .data               rtc.o
    0x2000002e   COMPRESSED   0x00000003   Data   RW         1334    .data               esp8266.o
    0x20000031   COMPRESSED   0x00000003   PAD
    0x20000034   COMPRESSED   0x00000014   Data   RW         1584    .data               cjson.o
    0x20000048   COMPRESSED   0x00000001   Data   RW         2334    .data               my1680.o
    0x20000049   COMPRESSED   0x00000002   Data   RW         2414    .data               dht11.o
    0x2000004b   COMPRESSED   0x00000001   PAD
    0x2000004c   COMPRESSED   0x00000030   Data   RW         2475    .data               lcdshowtask.o
    0x2000007c   COMPRESSED   0x0000000c   Data   RW         2629    .data               adc.o
    0x20000088   COMPRESSED   0x00000014   Data   RW         4413    .data               stm32f10x_rcc.o
    0x2000009c   COMPRESSED   0x00000008   Data   RW         6239    .data               lv_indev.o
    0x200000a4   COMPRESSED   0x0000000c   Data   RW         6500    .data               lv_obj.o
    0x200000b0   COMPRESSED   0x00000008   Data   RW         7058    .data               lv_refr.o
    0x200000b8   COMPRESSED   0x00000028   Data   RW         7234    .data               lv_draw.o
    0x200000e0   COMPRESSED   0x00000002   Data   RW         7833    .data               lv_img_cache.o
    0x200000e2   COMPRESSED   0x00000002   PAD
    0x200000e4   COMPRESSED   0x00000bd0   Data   RW         8247    .data               lv_font_roboto_16.o
    0x20000cb4   COMPRESSED   0x00000004   Data   RW         8657    .data               lv_hal_disp.o
    0x20000cb8   COMPRESSED   0x00000005   Data   RW         8928    .data               lv_hal_tick.o
    0x20000cbd   COMPRESSED   0x00000003   PAD
    0x20000cc0   COMPRESSED   0x00000005   Data   RW         8972    .data               lv_anim.o
    0x20000cc5   COMPRESSED   0x00000003   PAD
    0x20000cc8   COMPRESSED   0x00000008   Data   RW         9248    .data               lv_gc.o
    0x20000cd0   COMPRESSED   0x00000004   Data   RW         9381    .data               lv_log.o
    0x20000cd4   COMPRESSED   0x00000008   Data   RW         9433    .data               lv_mem.o
    0x20000cdc   COMPRESSED   0x00000014   Data   RW         9502    .data               lv_task.o
    0x20000cf0   COMPRESSED   0x00000020   Data   RW         9602    .data               lv_txt.o
    0x20000d10   COMPRESSED   0x00000004   Data   RW        11165    .data               lv_cont.o
    0x20000d14   COMPRESSED   0x00000004   Data   RW        11616    .data               lv_img.o
    0x20000d18   COMPRESSED   0x00000004   Data   RW        11882    .data               lv_label.o
    0x20000d1c   COMPRESSED   0x00000001   Data   RW        14469    .data               lv_theme.o
    0x20000d1d   COMPRESSED   0x00000003   PAD
    0x20000d20   COMPRESSED   0x00000030   Data   RW        16141    .data               font1.o
    0x20000d50   COMPRESSED   0x000000ac   Data   RW        16216    .data               styleseetting1.o
    0x20000dfc   COMPRESSED   0x00000030   Data   RW        16520    .data               font3.o
    0x20000e2c   COMPRESSED   0x00000004   Data   RW        16930    .data               mc_w.l(stdout.o)
    0x20000e30   COMPRESSED   0x00000004   Data   RW        16941    .data               mc_w.l(mvars.o)
    0x20000e34   COMPRESSED   0x00000004   Data   RW        16942    .data               mc_w.l(mvars.o)
    0x20000e38   COMPRESSED   0x00000004   Data   RW        16946    .data               mc_w.l(errno.o)
    0x20000e3c        -       0x0000000a   Zero   RW          892    .bss                rtc.o
    0x20000e46        -       0x00002004   Zero   RW          995    .bss                usart1.o
    0x20002e4a        -       0x0000000e   Zero   RW         1099    .bss                bsp_lcd.o
    0x20002e58        -       0x0000077b   Zero   RW         1332    .bss                esp8266.o
    0x200035d3   COMPRESSED   0x00000001   PAD
    0x200035d4        -       0x00000084   Zero   RW         2474    .bss                lcdshowtask.o
    0x20003658        -       0x0000030c   Zero   RW         7162    .bss                lv_style.o
    0x20003964        -       0x00000060   Zero   RW         9247    .bss                lv_gc.o
    0x200039c4        -       0x00005000   Zero   RW         9432    .bss                lv_mem.o
    0x200089c4        -       0x00001a88   Zero   RW        14468    .bss                lv_theme.o
    0x2000a44c        -       0x0000028c   Zero   RW        16214    .bss                styleseetting1.o
    0x2000a6d8        -       0x0000191c   Zero   RW        16535    .bss                lv_port_disp.o
    0x2000bff4   COMPRESSED   0x00000004   PAD
    0x2000bff8        -       0x00002000   Zero   RW          556    HEAP                startup_stm32f10x_hd.o
    0x2000dff8        -       0x00001000   Zero   RW          555    STACK               startup_stm32f10x_hd.o


==============================================================================

Image component sizes


      Code (inc. data)   RO Data    RW Data    ZI Data      Debug   Object Name

       316         24          0         12          0       2384   adc.o
        44          6          0          0          0        460   beep.o
     16950        144          0          0         14      18554   bsp_lcd.o
      2726         66          0         20          0      18110   cjson.o
         0          0       7212          0          0        676   dayu.o
       404         18          0         16          0      24666   delay.o
       448         12          0          2          0       2092   dht11.o
         0          0        524          0          0        702   dianchi.o
         0          0       7212          0          0        692   duoyun.o
      4174       1492        198          3       1915      17637   esp8266.o
         0          0      26776         48          0        948   font1.o
         0          0      16572         48          0        900   font3.o
         0          0       1812          0          0        772   guangzhaoqiangdu.o
       266         16          0          0          0       1486   key.o
         0          0       1812          0          0        756   kongqizhiliang.o
      4782        934          0         48        132      41337   lcdshowtask.o
       128          6          0          0          0        509   led.o
         0          0       7212          0          0        714   leizhenyu.o
         0          0       1812          0          0        708   location.o
       776        106          0          5          0      17931   lv_anim.o
         0          0          0          0          0      22016   lv_arc.o
       406          0          0          0          0       5173   lv_area.o
         0          0          0          0          0       7283   lv_bar.o
         0          0          0          0          0       4032   lv_calendar.o
        98          0          0          0          0       2933   lv_circ.o
      3084         80          0          4          0      18763   lv_cont.o
       404        302          0          0          0      21798   lv_disp.o
       260         76         36         40          0      18897   lv_draw.o
      2654        110          0          0          0      26855   lv_draw_basic.o
      1118        308          0          0          0      14758   lv_draw_img.o
      1342         24          0          0          0      12336   lv_draw_label.o
     11568         16         17          0          0      25973   lv_draw_rect.o
        84          0          0          0          0       7111   lv_font.o
       886         16          0          0          0       8693   lv_font_fmt_txt.o
         0          0       9148       3024          0       2292   lv_font_roboto_16.o
         0          0          0          8         96       8085   lv_gc.o
       824         82          0          0          0      31717   lv_group.o
       588         86          2          4          0      28843   lv_hal_disp.o
        28          4          0          0          0      23308   lv_hal_indev.o
        86         20          0          5          0       2384   lv_hal_tick.o
      1544        298          0          4          0       6360   lv_img.o
       772        230          0          2          0       3658   lv_img_cache.o
      2764        746        310          0          0      19292   lv_img_decoder.o
        96         12          0          8          0      16073   lv_indev.o
      4108        308          0          4          0      30776   lv_label.o
       804          0          0          0          0       9770   lv_ll.o
        56          4          0          4          0        909   lv_log.o
       708        166          0          8      20480       6206   lv_mem.o
      5320        310         80         12          0      45099   lv_obj.o
       132         12          0          0       6428       1724   lv_port_disp.o
      2078         96         80          8          0      11043   lv_refr.o
      1434         68         22          0        780       8394   lv_style.o
      1054        206          0         20          0       7858   lv_task.o
        24         10          0          1       6792      26635   lv_theme.o
      1538         48          0         32          0      13325   lv_txt.o
        84          0          0          0          0        911   lv_utils.o
        92         28          0          0          0      22755   main.o
       112         12          0          0          0       1056   misc.o
      1174        100          0          1          0       5013   my1680.o
         0          0       5012          0          0        676   qing.o
      1540        170        140         10         10       8254   rtc.o
         0          0       1812          0          0        788   shangxiafanjiantou.o
         0          0       1812          0          0        702   shiduji.o
       196         14          0          0          0       1052   spi_flash.o
        36          8        304          0      12288        788   startup_stm32f10x_hd.o
       368         10          0          0          0       6622   stm32f10x_adc.o
        72         10          0          0          0       2656   stm32f10x_bkp.o
       416          8          0          0          0       3382   stm32f10x_dma.o
        52         12          0          0          0       1060   stm32f10x_exti.o
       282          6          0          0          0       1817   stm32f10x_fsmc.o
       304          0          0          0          0       3588   stm32f10x_gpio.o
        24          0          0          0          0     269360   stm32f10x_it.o
        12          6          0          0          0        474   stm32f10x_pwr.o
       444         70          0         20          0       7926   stm32f10x_rcc.o
       288         52          0          0          0       5311   stm32f10x_rtc.o
        84          0          0          0          0       2133   stm32f10x_spi.o
       462          6          0          0          0       6083   stm32f10x_usart.o
      4344        682         38        172        652      12035   styleseetting1.o
       328         28          0         20          0       2225   system_stm32f10x.o
       420         36          0          0       8196      29767   usart1.o
         0          0       1812          0          0        702   wenduji.o
         0          0        524          0          0        676   wifi.o
         0          0      23756          0          0        706   xiaotu1.o
         0          0      50892          0          0        706   xiaotu2.o
         0          0      50892          0          0        706   xiaotu3.o
         0          0       7212          0          0        692   xiaoyu.o
         0          0       7212          0          0        670   yin.o
         0          0     153612          0          0        706   yunduan.o
         0          0       7212          0          0        692   zhenyu.o
         0          0       7212          0          0        702   zhongyu.o
         0          0        812          0          0        724   zuojiantou.o

    ----------------------------------------------------------------------
     88078       7720     401146       3628      57788    1056522   Object Totals
         0          0         32          0          0          0   (incl. Generated)
        68          0         11         15          5          0   (incl. Padding)

    ----------------------------------------------------------------------

      Code (inc. data)   RO Data    RW Data    ZI Data      Debug   Library Member Name

        28          0          0          0          0         80   strtod.o
        86          0          0          0          0          0   __dczerorl2.o
        28          0          0          0          0         68   _chval.o
        64          0          0          0          0         84   _sgetc.o
       158          0          0          0          0         92   _strtoul.o
        26          0          0          0          0         80   atoi.o
        26          0          0          0          0         80   atol.o
         8          4        133          0          0         68   ctype_o.o
         0          0          0          0          0          0   entry.o
         0          0          0          0          0          0   entry10a.o
         0          0          0          0          0          0   entry11a.o
         8          4          0          0          0          0   entry2.o
         4          0          0          0          0          0   entry5.o
         0          0          0          0          0          0   entry7b.o
         0          0          0          0          0          0   entry8b.o
         8          4          0          0          0          0   entry9a.o
         8          4          0          4          0         68   errno.o
        30          0          0          0          0          0   handlers.o
        36          8          0          0          0         68   init.o
        18          0          0          0          0         76   isspace_o.o
         0          0          0          0          0          0   iusefp.o
        30          0          0          0          0         68   llshl.o
        36          0          0          0          0         68   llsshr.o
        32          0          0          0          0         68   llushr.o
       360         30          0          0          0        356   mallocr.o
        40          0          0          0          0         76   memcpy.o
        36          0          0          0          0        108   memseta.o
         0          0          0          8          0          0   mvars.o
      2308         96          0          0          0        604   printfa.o
       878         12          0          0          0        216   scanf_fp.o
         0          0          0          4          0          0   stdout.o
        28          0          0          0          0         76   strcmp.o
        18          0          0          0          0         68   strcpy.o
        14          0          0          0          0         68   strlen.o
        30          0          0          0          0         80   strncmp.o
        36          0          0          0          0         80   strstr.o
       156         12          0          0          0        120   strtod.o
       112          0          0          0          0         88   strtol.o
        12          0          0          0          0         68   tolower.o
        44          0          0          0          0         80   uidiv.o
        98          0          0          0          0         92   uldiv.o
        48          0          0          0          0         68   cdcmple.o
        48          0          0          0          0         68   cdrcmple.o
        56          0          0          0          0         88   d2f.o
       334          0          0          0          0        148   dadd.o
       222          0          0          0          0        100   ddiv.o
       186          0          0          0          0        176   depilogue.o
        62          0          0          0          0         80   dfixi.o
        50          0          0          0          0         76   dfixui.o
        48          0          0          0          0         68   dfixul.o
        26          0          0          0          0         76   dfltui.o
        24          0          0          0          0         76   dfltul.o
       228          0          0          0          0         96   dmul.o
       110          0          0          0          0        168   fepilogue.o

    ----------------------------------------------------------------------
      6252        174        136         16          0       4436   Library Totals
         6          0          3          0          0          0   (incl. Padding)

    ----------------------------------------------------------------------

      Code (inc. data)   RO Data    RW Data    ZI Data      Debug   Library Name

        28          0          0          0          0         80   m_ws.l
      4776        174        133         16          0       3068   mc_w.l
      1442          0          0          0          0       1288   mf_w.l

    ----------------------------------------------------------------------
      6252        174        136         16          0       4436   Library Totals

    ----------------------------------------------------------------------

==============================================================================


      Code (inc. data)   RO Data    RW Data    ZI Data      Debug   

     94330       7894     401282       3644      57788    1034774   Grand Totals
     94330       7894     401282       1724      57788    1034774   ELF Image Totals (compressed)
     94330       7894     401282       1724          0          0   ROM Totals

==============================================================================

    Total RO  Size (Code + RO Data)               495612 ( 484.00kB)
    Total RW  Size (RW Data + ZI Data)             61432 (  59.99kB)
    Total ROM Size (Code + RO Data + RW Data)     497336 ( 485.68kB)

==============================================================================

